#
# There is insufficient memory for the Java Runtime Environment to continue.
# Native memory allocation (malloc) failed to allocate 1790096 bytes. Error detail: Chunk::new
# Possible reasons:
#   The system is out of physical RAM or swap space
#   This process is running with CompressedOops enabled, and the Java Heap may be blocking the growth of the native heap
# Possible solutions:
#   Reduce memory load on the system
#   Increase physical memory or swap space
#   Check if swap backing store is full
#   Decrease Java heap size (-Xmx/-Xms)
#   Decrease number of Java threads
#   Decrease Java thread stack sizes (-Xss)
#   Set larger code cache with -XX:ReservedCodeCacheSize=
#   JVM is running with Unscaled Compressed Oops mode in which the Java heap is
#     placed in the first 4GB address space. The Java Heap base address is the
#     maximum limit for the native heap growth. Please use -XX:HeapBaseMinAddress
#     to set the Java Heap base and to place the Java Heap above 4GB virtual address.
# This output file may be truncated or incomplete.
#
#  Out of Memory Error (arena.cpp:168), pid=20864, tid=7756
#
# JRE version: OpenJDK Runtime Environment Temurin-21.0.11+10 (21.0.11+10) (build 21.0.11+10-LTS)
# Java VM: OpenJDK 64-Bit Server VM Temurin-21.0.11+10 (21.0.11+10-LTS, mixed mode, sharing, tiered, compressed oops, compressed class ptrs, parallel gc, windows-amd64)
# No core dump will be written. Minidumps are not enabled by default on client versions of Windows
#

---------------  S U M M A R Y ------------

Command Line: --add-modules=ALL-SYSTEM --add-opens=java.base/java.util=ALL-UNNAMED --add-opens=java.base/java.lang=ALL-UNNAMED --add-opens=java.base/sun.nio.fs=ALL-UNNAMED -Declipse.application=org.eclipse.jdt.ls.core.id1 -Dosgi.bundles.defaultStartLevel=4 -Declipse.product=org.eclipse.jdt.ls.core.product -Djava.import.generatesMetadataFilesAtProjectRoot=false -DDetectVMInstallationsJob.disabled=true -Dfile.encoding=utf8 -XX:+UseParallelGC -XX:GCTimeRatio=4 -XX:AdaptiveSizePolicyWeight=90 -Dsun.zip.disableMemoryMapping=true -Xmx2G -Xms100m -Xlog:disable -javaagent:c:\Users\HP\.vscode\extensions\redhat.java-1.55.0-win32-x64\lombok\lombok-1.18.39-4050.jar -XX:+HeapDumpOnOutOfMemoryError -XX:HeapDumpPath=c:\Users\HP\AppData\Roaming\Code\User\workspaceStorage\3e826355c16ae9985447f765169b4c02\redhat.java -Daether.dependencyCollector.impl=bf c:\Users\HP\.vscode\extensions\redhat.java-1.55.0-win32-x64\server\plugins\org.eclipse.equinox.launcher_1.7.200.v20260619-2039.jar -configuration c:\Users\HP\AppData\Roaming\Code\User\globalStorage\redhat.java\1.55.0\config_win -data c:\Users\HP\AppData\Roaming\Code\User\workspaceStorage\3e826355c16ae9985447f765169b4c02\redhat.java\jdt_ws --pipe=\\.\pipe\lsp-3fb91b4ad7030c1d3021a36daeabf227-sock

Host: AMD Ryzen 5 5600H with Radeon Graphics         , 12 cores, 7G,  Windows 11 , 64 bit Build 26100 (10.0.26100.7920)
Time: Mon Aug  3 20:01:34 2026 India Standard Time elapsed time: 14.829448 seconds (0d 0h 0m 14s)

---------------  T H R E A D  ---------------

Current thread (0x000001e15f2f4ec0):  JavaThread "C2 CompilerThread2" daemon [_thread_in_native, id=7756, stack(0x000000da2fa00000,0x000000da2fb00000) (1024K)]


Current CompileTask:
C2:14829 6304   !   4       org.eclipse.osgi.internal.loader.classpath.ClasspathManager::defineClass (636 bytes)

Stack: [0x000000da2fa00000,0x000000da2fb00000]
Native frames: (J=compiled Java code, j=interpreted, Vv=VM code, C=native code)
V  [jvm.dll+0x6d7e19]
V  [jvm.dll+0x8b5096]
V  [jvm.dll+0x8b764e]
V  [jvm.dll+0x8b7d33]
V  [jvm.dll+0x284596]
V  [jvm.dll+0xc685d]
V  [jvm.dll+0xc6da1]
V  [jvm.dll+0x3bed31]
V  [jvm.dll+0x38b2b2]
V  [jvm.dll+0x38a6fa]
V  [jvm.dll+0x24c700]
V  [jvm.dll+0x24bce0]
V  [jvm.dll+0x1cb4ae]
V  [jvm.dll+0x25baad]
V  [jvm.dll+0x25a03a]
V  [jvm.dll+0x3f868e]
V  [jvm.dll+0x85fb0d]
V  [jvm.dll+0x6d664d]
C  [ucrtbase.dll+0x37b0]
C  [KERNEL32.DLL+0x2e8d7]
C  [ntdll.dll+0x8c48c]


---------------  P R O C E S S  ---------------

Threads class SMR info:
_java_thread_list=0x000001e165036160, length=54, elements={
0x000001e10651db50, 0x000001e1065befa0, 0x000001e1065c5390, 0x000001e1065c7c70,
0x000001e1065c8b50, 0x000001e1065ccdf0, 0x000001e1065d6360, 0x000001e15f231f80,
0x000001e15f2351b0, 0x000001e15f4ae670, 0x000001e15f4aed00, 0x000001e15f4af390,
0x000001e15f4afa20, 0x000001e1608d29e0, 0x000001e1608d1cc0, 0x000001e1608cf560,
0x000001e1608d2350, 0x000001e1608d0910, 0x000001e1608d3070, 0x000001e1652fd510,
0x000001e1608cfbf0, 0x000001e1608d0280, 0x000001e1608d3d90, 0x000001e1608d4420,
0x000001e1608d0fa0, 0x000001e1608d4ab0, 0x000001e1608d1630, 0x000001e1608d64f0,
0x000001e1608d5140, 0x000001e1608d6b80, 0x000001e1608d57d0, 0x000001e1608d5e60,
0x000001e1679cf300, 0x000001e1679cd8c0, 0x000001e1679cc510, 0x000001e1679ce5e0,
0x000001e1679cdf50, 0x000001e1679cec70, 0x000001e1679cbe80, 0x000001e1679cf990,
0x000001e1679ccba0, 0x000001e1679d06b0, 0x000001e15f2f4ec0, 0x000001e1679d2e10,
0x000001e1679d34a0, 0x000001e1679d2780, 0x000001e1679d13d0, 0x000001e1679d0d40,
0x000001e168a6d000, 0x000001e168a6bc50, 0x000001e168a69b80, 0x000001e168a6c970,
0x000001e168a6d690, 0x000001e168a6a8a0
}

Java Threads: ( => current thread )
  0x000001e10651db50 JavaThread "main"                              [_thread_blocked, id=2636, stack(0x000000da2c200000,0x000000da2c300000) (1024K)]
  0x000001e1065befa0 JavaThread "Reference Handler"          daemon [_thread_blocked, id=25000, stack(0x000000da2c600000,0x000000da2c700000) (1024K)]
  0x000001e1065c5390 JavaThread "Finalizer"                  daemon [_thread_blocked, id=18080, stack(0x000000da2c700000,0x000000da2c800000) (1024K)]
  0x000001e1065c7c70 JavaThread "Signal Dispatcher"          daemon [_thread_blocked, id=27384, stack(0x000000da2c800000,0x000000da2c900000) (1024K)]
  0x000001e1065c8b50 JavaThread "Attach Listener"            daemon [_thread_blocked, id=4880, stack(0x000000da2c900000,0x000000da2ca00000) (1024K)]
  0x000001e1065ccdf0 JavaThread "Service Thread"             daemon [_thread_blocked, id=10228, stack(0x000000da2ca00000,0x000000da2cb00000) (1024K)]
  0x000001e1065d6360 JavaThread "Monitor Deflation Thread"   daemon [_thread_blocked, id=26532, stack(0x000000da2cb00000,0x000000da2cc00000) (1024K)]
  0x000001e15f231f80 JavaThread "C2 CompilerThread0"         daemon [_thread_in_native, id=18052, stack(0x000000da2cc00000,0x000000da2cd00000) (1024K)]
  0x000001e15f2351b0 JavaThread "C1 CompilerThread0"         daemon [_thread_in_native, id=25072, stack(0x000000da2cd00000,0x000000da2ce00000) (1024K)]
  0x000001e15f4ae670 JavaThread "Common-Cleaner"             daemon [_thread_blocked, id=4444, stack(0x000000da2ce00000,0x000000da2cf00000) (1024K)]
  0x000001e15f4aed00 JavaThread "Notification Thread"        daemon [_thread_blocked, id=25908, stack(0x000000da2d000000,0x000000da2d100000) (1024K)]
  0x000001e15f4af390 JavaThread "Active Thread: Equinox Container: 3764bff6-1072-45d3-9f35-9d082c38289c"        [_thread_blocked, id=9204, stack(0x000000da2d800000,0x000000da2d900000) (1024K)]
  0x000001e15f4afa20 JavaThread "Refresh Thread: Equinox Container: 3764bff6-1072-45d3-9f35-9d082c38289c" daemon [_thread_blocked, id=25144, stack(0x000000da2da00000,0x000000da2db00000) (1024K)]
  0x000001e1608d29e0 JavaThread "Framework Event Dispatcher: Equinox Container: 3764bff6-1072-45d3-9f35-9d082c38289c" daemon [_thread_blocked, id=11652, stack(0x000000da2db00000,0x000000da2dc00000) (1024K)]
  0x000001e1608d1cc0 JavaThread "Start Level: Equinox Container: 3764bff6-1072-45d3-9f35-9d082c38289c" daemon [_thread_blocked, id=19052, stack(0x000000da2dc00000,0x000000da2dd00000) (1024K)]
  0x000001e1608cf560 JavaThread "Bundle File Closer"         daemon [_thread_blocked, id=22780, stack(0x000000da2df00000,0x000000da2e000000) (1024K)]
  0x000001e1608d2350 JavaThread "SCR Component Actor"        daemon [_thread_blocked, id=7084, stack(0x000000da2cf00000,0x000000da2d000000) (1024K)]
  0x000001e1608d0910 JavaThread "Worker-JM"                         [_thread_blocked, id=3020, stack(0x000000da2e000000,0x000000da2e100000) (1024K)]
  0x000001e1608d3070 JavaThread "JNA Cleaner"                daemon [_thread_blocked, id=26016, stack(0x000000da2d100000,0x000000da2d200000) (1024K)]
  0x000001e1652fd510 JavaThread "C2 CompilerThread1"         daemon [_thread_blocked, id=11672, stack(0x000000da2e100000,0x000000da2e200000) (1024K)]
  0x000001e1608cfbf0 JavaThread "Worker-0"                          [_thread_blocked, id=7704, stack(0x000000da2e200000,0x000000da2e300000) (1024K)]
  0x000001e1608d0280 JavaThread "Worker-1"                          [_thread_blocked, id=24568, stack(0x000000da2e300000,0x000000da2e400000) (1024K)]
  0x000001e1608d3d90 JavaThread "Java indexing"              daemon [_thread_blocked, id=21576, stack(0x000000da2e400000,0x000000da2e500000) (1024K)]
  0x000001e1608d4420 JavaThread "Worker-2"                          [_thread_blocked, id=24864, stack(0x000000da2e700000,0x000000da2e800000) (1024K)]
  0x000001e1608d0fa0 JavaThread "Worker-3"                          [_thread_blocked, id=3820, stack(0x000000da2e800000,0x000000da2e900000) (1024K)]
  0x000001e1608d4ab0 JavaThread "Thread-1"                   daemon [_thread_in_native, id=27304, stack(0x000000da2e900000,0x000000da2ea00000) (1024K)]
  0x000001e1608d1630 JavaThread "Thread-2"                   daemon [_thread_in_native, id=2240, stack(0x000000da2ea00000,0x000000da2eb00000) (1024K)]
  0x000001e1608d64f0 JavaThread "Thread-3"                   daemon [_thread_in_native, id=21240, stack(0x000000da2eb00000,0x000000da2ec00000) (1024K)]
  0x000001e1608d5140 JavaThread "Thread-4"                   daemon [_thread_in_native, id=12196, stack(0x000000da2ec00000,0x000000da2ed00000) (1024K)]
  0x000001e1608d6b80 JavaThread "Thread-5"                   daemon [_thread_in_native, id=13864, stack(0x000000da2ed00000,0x000000da2ee00000) (1024K)]
  0x000001e1608d57d0 JavaThread "Thread-6"                   daemon [_thread_in_native, id=12028, stack(0x000000da2ee00000,0x000000da2ef00000) (1024K)]
  0x000001e1608d5e60 JavaThread "Thread-7"                   daemon [_thread_in_native, id=16284, stack(0x000000da2ef00000,0x000000da2f000000) (1024K)]
  0x000001e1679cf300 JavaThread "Thread-8"                   daemon [_thread_in_native, id=15736, stack(0x000000da2f000000,0x000000da2f100000) (1024K)]
  0x000001e1679cd8c0 JavaThread "Thread-9"                   daemon [_thread_in_native, id=12648, stack(0x000000da2f100000,0x000000da2f200000) (1024K)]
  0x000001e1679cc510 JavaThread "Thread-10"                  daemon [_thread_in_native, id=9744, stack(0x000000da2f200000,0x000000da2f300000) (1024K)]
  0x000001e1679ce5e0 JavaThread "Thread-11"                  daemon [_thread_in_native, id=22532, stack(0x000000da2f300000,0x000000da2f400000) (1024K)]
  0x000001e1679cdf50 JavaThread "Thread-12"                  daemon [_thread_in_native, id=2092, stack(0x000000da2f400000,0x000000da2f500000) (1024K)]
  0x000001e1679cec70 JavaThread "Thread-13"                  daemon [_thread_in_native, id=14160, stack(0x000000da2f500000,0x000000da2f600000) (1024K)]
  0x000001e1679cbe80 JavaThread "pool-2-thread-1"                   [_thread_blocked, id=12876, stack(0x000000da2f600000,0x000000da2f700000) (1024K)]
  0x000001e1679cf990 JavaThread "Worker-4"                          [_thread_blocked, id=2132, stack(0x000000da2f700000,0x000000da2f800000) (1024K)]
  0x000001e1679ccba0 JavaThread "WorkspaceEventsHandler"            [_thread_blocked, id=8496, stack(0x000000da2f800000,0x000000da2f900000) (1024K)]
  0x000001e1679d06b0 JavaThread "pool-1-thread-1"                   [_thread_in_native, id=16732, stack(0x000000da2f900000,0x000000da2fa00000) (1024K)]
=>0x000001e15f2f4ec0 JavaThread "C2 CompilerThread2"         daemon [_thread_in_native, id=7756, stack(0x000000da2fa00000,0x000000da2fb00000) (1024K)]
  0x000001e1679d2e10 JavaThread "PatternSearchJob-worker-1"  daemon [_thread_blocked, id=14488, stack(0x000000da2fb00000,0x000000da2fc00000) (1024K)]
  0x000001e1679d34a0 JavaThread "PatternSearchJob-worker-2"  daemon [_thread_blocked, id=13320, stack(0x000000da2fc00000,0x000000da2fd00000) (1024K)]
  0x000001e1679d2780 JavaThread "PatternSearchJob-worker-3"  daemon [_thread_blocked, id=21988, stack(0x000000da2fd00000,0x000000da2fe00000) (1024K)]
  0x000001e1679d13d0 JavaThread "PatternSearchJob-worker-4"  daemon [_thread_blocked, id=21900, stack(0x000000da2fe00000,0x000000da2ff00000) (1024K)]
  0x000001e1679d0d40 JavaThread "PatternSearchJob-worker-5"  daemon [_thread_blocked, id=20956, stack(0x000000da2ff00000,0x000000da30000000) (1024K)]
  0x000001e168a6d000 JavaThread "PatternSearchJob-worker-6"  daemon [_thread_blocked, id=9248, stack(0x000000da30000000,0x000000da30100000) (1024K)]
  0x000001e168a6bc50 JavaThread "PatternSearchJob-worker-7"  daemon [_thread_blocked, id=26784, stack(0x000000da30100000,0x000000da30200000) (1024K)]
  0x000001e168a69b80 JavaThread "PatternSearchJob-worker-8"  daemon [_thread_blocked, id=13680, stack(0x000000da30200000,0x000000da30300000) (1024K)]
  0x000001e168a6c970 JavaThread "PatternSearchJob-worker-9"  daemon [_thread_blocked, id=18772, stack(0x000000da30300000,0x000000da30400000) (1024K)]
  0x000001e168a6d690 JavaThread "PatternSearchJob-worker-10" daemon [_thread_blocked, id=3280, stack(0x000000da30400000,0x000000da30500000) (1024K)]
  0x000001e168a6a8a0 JavaThread "PatternSearchJob-worker-11" daemon [_thread_blocked, id=3592, stack(0x000000da30500000,0x000000da30600000) (1024K)]
Total: 54

Other Threads:
  0x000001e1064b3d30 VMThread "VM Thread"                           [id=24168, stack(0x000000da2c500000,0x000000da2c600000) (1024K)]
  0x000001e1063aca10 WatcherThread "VM Periodic Task Thread"        [id=22980, stack(0x000000da2c400000,0x000000da2c500000) (1024K)]
  0x000001e10653c020 WorkerThread "GC Thread#0"                     [id=2856, stack(0x000000da2c300000,0x000000da2c400000) (1024K)]
  0x000001e1603b5b10 WorkerThread "GC Thread#1"                     [id=27012, stack(0x000000da2d200000,0x000000da2d300000) (1024K)]
  0x000001e160931c50 WorkerThread "GC Thread#2"                     [id=19084, stack(0x000000da2d300000,0x000000da2d400000) (1024K)]
  0x000001e160932000 WorkerThread "GC Thread#3"                     [id=27640, stack(0x000000da2d400000,0x000000da2d500000) (1024K)]
  0x000001e1609323b0 WorkerThread "GC Thread#4"                     [id=19804, stack(0x000000da2d500000,0x000000da2d600000) (1024K)]
  0x000001e160932760 WorkerThread "GC Thread#5"                     [id=12452, stack(0x000000da2d600000,0x000000da2d700000) (1024K)]
  0x000001e1606c3a60 WorkerThread "GC Thread#6"                     [id=4348, stack(0x000000da2d700000,0x000000da2d800000) (1024K)]
  0x000001e1651a5ca0 WorkerThread "GC Thread#7"                     [id=26204, stack(0x000000da2d900000,0x000000da2da00000) (1024K)]
  0x000001e1657c3520 WorkerThread "GC Thread#8"                     [id=15820, stack(0x000000da2dd00000,0x000000da2de00000) (1024K)]
  0x000001e165574b70 WorkerThread "GC Thread#9"                     [id=15416, stack(0x000000da2de00000,0x000000da2df00000) (1024K)]
Total: 12

Threads with active compile tasks:
C2 CompilerThread0  14855 6604   !   4       java.util.Collections$SynchronizedCollection::contains (25 bytes)
C2 CompilerThread2  14855 6304   !   4       org.eclipse.osgi.internal.loader.classpath.ClasspathManager::defineClass (636 bytes)
Total: 2

VM state: not at safepoint (normal execution)

VM Mutex/Monitor currently owned by a thread: None

Heap address: 0x0000000080000000, size: 2048 MB, Compressed Oops mode: 32-bit

CDS archive(s) mapped at: [0x000001e11d000000-0x000001e11dba0000-0x000001e11dba0000), size 12189696, SharedBaseAddress: 0x000001e11d000000, ArchiveRelocationMode: 1.
Compressed class space mapped at: 0x000001e11e000000-0x000001e15e000000, reserved size: 1073741824
Narrow klass base: 0x000001e11d000000, Narrow klass shift: 0, Narrow klass range: 0x100000000

GC Precious Log:
 CardTable entry size: 512
 CPUs: 12 total, 12 available
 Memory: 7518M
 Large Page Support: Disabled
 NUMA Support: Disabled
 Compressed Oops: Enabled (32-bit)
 Alignments: Space 512K, Generation 512K, Heap 2M
 Heap Min Capacity: 100M
 Heap Initial Capacity: 100M
 Heap Max Capacity: 2G
 Pre-touch: Disabled
 Parallel Workers: 10

Heap:
 PSYoungGen      total 24064K, used 17157K [0x00000000d5580000, 0x00000000d6f80000, 0x0000000100000000)
  eden space 22016K, 68% used [0x00000000d5580000,0x00000000d6445c60,0x00000000d6b00000)
  from space 2048K, 99% used [0x00000000d6b80000,0x00000000d6d7b830,0x00000000d6d80000)
  to   space 2048K, 0% used [0x00000000d6d80000,0x00000000d6d80000,0x00000000d6f80000)
 ParOldGen       total 68608K, used 43983K [0x0000000080000000, 0x0000000084300000, 0x00000000d5580000)
  object space 68608K, 64% used [0x0000000080000000,0x0000000082af3ff0,0x0000000084300000)
 Metaspace       used 46029K, committed 47168K, reserved 1114112K
  class space    used 5009K, committed 5504K, reserved 1048576K

Card table byte_map: [0x000001e105ec0000,0x000001e1062d0000] _byte_map_base: 0x000001e105ac0000

Marking Bits: (ParMarkBitMap*) 0x00007ffa85ce4460
 Begin Bits: [0x000001e1189d0000, 0x000001e11a9d0000)
 End Bits:   [0x000001e11a9d0000, 0x000001e11c9d0000)

Polling page: 0x000001e104350000

Metaspace:

Usage:
  Non-class:     40.06 MB used.
      Class:      4.89 MB used.
       Both:     44.95 MB used.

Virtual space:
  Non-class space:       64.00 MB reserved,      40.69 MB ( 64%) committed,  1 nodes.
      Class space:        1.00 GB reserved,       5.38 MB ( <1%) committed,  1 nodes.
             Both:        1.06 GB reserved,      46.06 MB (  4%) committed. 

Chunk freelists:
   Non-Class:  6.62 MB
       Class:  10.52 MB
        Both:  17.14 MB

MaxMetaspaceSize: unlimited
CompressedClassSpaceSize: 1.00 GB
Initial GC threshold: 21.00 MB
Current GC threshold: 58.38 MB
CDS: on
 - commit_granule_bytes: 65536.
 - commit_granule_words: 8192.
 - virtual_space_node_default_size: 8388608.
 - enlarge_chunks_in_place: 1.
 - use_allocation_guard: 0.


Internal statistics:

num_allocs_failed_limit: 6.
num_arena_births: 808.
num_arena_deaths: 14.
num_vsnodes_births: 2.
num_vsnodes_deaths: 0.
num_space_committed: 737.
num_space_uncommitted: 0.
num_chunks_returned_to_freelist: 20.
num_chunks_taken_from_freelist: 2811.
num_chunk_merges: 11.
num_chunk_splits: 1764.
num_chunks_enlarged: 1066.
num_inconsistent_stats: 0.

CodeHeap 'non-profiled nmethods': size=120000Kb used=3130Kb max_used=3130Kb free=116869Kb
 bounds [0x000001e1111f0000, 0x000001e111500000, 0x000001e118720000]
CodeHeap 'profiled nmethods': size=120000Kb used=12475Kb max_used=12475Kb free=107524Kb
 bounds [0x000001e109720000, 0x000001e10a350000, 0x000001e110c50000]
CodeHeap 'non-nmethods': size=5760Kb used=1369Kb max_used=1431Kb free=4390Kb
 bounds [0x000001e110c50000, 0x000001e110ec0000, 0x000001e1111f0000]
CodeCache: size=245760Kb, used=16974Kb, max_used=17036Kb, free=228783Kb
 total_blobs=6666, nmethods=6000, adapters=572, full_count=0
Compilation: enabled, stopped_count=0, restarted_count=0

Compilation events (20 events):
Event: 12.647 Thread 0x000001e15f2351b0 6573       3       jdk.internal.misc.Unsafe::loadFence (5 bytes)
Event: 12.647 Thread 0x000001e15f2351b0 nmethod 6573 0x000001e10a33bd10 code [0x000001e10a33bea0, 0x000001e10a33bfc0]
Event: 13.766 Thread 0x000001e15f231f80 6574 %s!   4       org.eclipse.jdt.internal.core.index.DiskIndex::readCategoryTable @ 260 (743 bytes)
Event: 13.767 Thread 0x000001e1652fd510 nmethod 6571% 0x000001e1114f3290 code [0x000001e1114f3480, 0x000001e1114f3a48]
Event: 13.767 Thread 0x000001e1652fd510 6575       4       org.eclipse.jdt.internal.core.index.DiskIndex::addQueryResults (739 bytes)
Event: 13.768 Thread 0x000001e15f2351b0 6576       3       java.lang.Thread::onSpinWait (1 bytes)
Event: 13.768 Thread 0x000001e15f2351b0 nmethod 6576 0x000001e10a33c090 code [0x000001e10a33c220, 0x000001e10a33c308]
Event: 13.771 Thread 0x000001e15f2351b0 6578       3       org.eclipse.core.runtime.SubMonitor::cleanupActiveChild (22 bytes)
Event: 13.771 Thread 0x000001e15f2351b0 nmethod 6578 0x000001e10a33c390 code [0x000001e10a33c540, 0x000001e10a33c708]
Event: 13.771 Thread 0x000001e15f2351b0 6579       1       java.util.concurrent.ForkJoinTask$AdaptedCallable::getRawResult (5 bytes)
Event: 13.771 Thread 0x000001e15f2351b0 nmethod 6579 0x000001e1114f3f90 code [0x000001e1114f4120, 0x000001e1114f41e8]
Event: 13.773 Thread 0x000001e1652fd510 nmethod 6575 0x000001e1114f4290 code [0x000001e1114f4440, 0x000001e1114f4898]
Event: 13.773 Thread 0x000001e1652fd510 6577       4       org.eclipse.jdt.internal.core.index.DiskIndex::readStreamDocumentArray (267 bytes)
Event: 13.791 Thread 0x000001e1652fd510 nmethod 6577 0x000001e1114f4c10 code [0x000001e1114f4de0, 0x000001e1114f5738]
Event: 13.792 Thread 0x000001e1652fd510 6580   !   4       java.io.FileInputStream::read (32 bytes)
Event: 13.794 Thread 0x000001e1652fd510 nmethod 6580 0x000001e1114f5b10 code [0x000001e1114f5cc0, 0x000001e1114f5e20]
Event: 13.797 Thread 0x000001e1652fd510 6581       4       org.eclipse.jdt.internal.core.index.DiskIndex::readStreamBuffer (76 bytes)
Event: 13.801 Thread 0x000001e1652fd510 nmethod 6581 0x000001e1114f6010 code [0x000001e1114f6220, 0x000001e1114f65d0]
Event: 14.782 Thread 0x000001e15f2351b0 6582       3       org.eclipse.core.runtime.SubMonitor::consume (134 bytes)
Event: 14.782 Thread 0x000001e15f2351b0 nmethod 6582 0x000001e10a33c810 code [0x000001e10a33c9e0, 0x000001e10a33ce38]

GC Heap History (20 events):
Event: 6.123 GC heap before
{Heap before GC invocations=14 (full 1):
 PSYoungGen      total 24576K, used 24398K [0x00000000d5580000, 0x00000000d7200000, 0x0000000100000000)
  eden space 22016K, 100% used [0x00000000d5580000,0x00000000d6b00000,0x00000000d6b00000)
  from space 2560K, 93% used [0x00000000d6f80000,0x00000000d71d3868,0x00000000d7200000)
  to   space 3072K, 0% used [0x00000000d6c00000,0x00000000d6c00000,0x00000000d6f00000)
 ParOldGen       total 68608K, used 20623K [0x0000000080000000, 0x0000000084300000, 0x00000000d5580000)
  object space 68608K, 30% used [0x0000000080000000,0x0000000081423c98,0x0000000084300000)
 Metaspace       used 32506K, committed 33472K, reserved 1114112K
  class space    used 3275K, committed 3648K, reserved 1048576K
}
Event: 6.125 GC heap after
{Heap after GC invocations=14 (full 1):
 PSYoungGen      total 23040K, used 919K [0x00000000d5580000, 0x00000000d7000000, 0x0000000100000000)
  eden space 22016K, 0% used [0x00000000d5580000,0x00000000d5580000,0x00000000d6b00000)
  from space 1024K, 89% used [0x00000000d6c00000,0x00000000d6ce5df8,0x00000000d6d00000)
  to   space 1536K, 0% used [0x00000000d6e80000,0x00000000d6e80000,0x00000000d7000000)
 ParOldGen       total 68608K, used 22787K [0x0000000080000000, 0x0000000084300000, 0x00000000d5580000)
  object space 68608K, 33% used [0x0000000080000000,0x0000000081640ff0,0x0000000084300000)
 Metaspace       used 32506K, committed 33472K, reserved 1114112K
  class space    used 3275K, committed 3648K, reserved 1048576K
}
Event: 6.302 GC heap before
{Heap before GC invocations=15 (full 1):
 PSYoungGen      total 23040K, used 22935K [0x00000000d5580000, 0x00000000d7000000, 0x0000000100000000)
  eden space 22016K, 100% used [0x00000000d5580000,0x00000000d6b00000,0x00000000d6b00000)
  from space 1024K, 89% used [0x00000000d6c00000,0x00000000d6ce5df8,0x00000000d6d00000)
  to   space 1536K, 0% used [0x00000000d6e80000,0x00000000d6e80000,0x00000000d7000000)
 ParOldGen       total 68608K, used 22788K [0x0000000080000000, 0x0000000084300000, 0x00000000d5580000)
  object space 68608K, 33% used [0x0000000080000000,0x0000000081641040,0x0000000084300000)
 Metaspace       used 34094K, committed 35200K, reserved 1114112K
  class space    used 3469K, committed 3904K, reserved 1048576K
}
Event: 6.303 GC heap after
{Heap after GC invocations=15 (full 1):
 PSYoungGen      total 23552K, used 1519K [0x00000000d5580000, 0x00000000d7200000, 0x0000000100000000)
  eden space 22016K, 0% used [0x00000000d5580000,0x00000000d5580000,0x00000000d6b00000)
  from space 1536K, 98% used [0x00000000d6e80000,0x00000000d6ffbfb8,0x00000000d7000000)
  to   space 3584K, 0% used [0x00000000d6b00000,0x00000000d6b00000,0x00000000d6e80000)
 ParOldGen       total 68608K, used 24196K [0x0000000080000000, 0x0000000084300000, 0x00000000d5580000)
  object space 68608K, 35% used [0x0000000080000000,0x00000000817a1060,0x0000000084300000)
 Metaspace       used 34094K, committed 35200K, reserved 1114112K
  class space    used 3469K, committed 3904K, reserved 1048576K
}
Event: 6.379 GC heap before
{Heap before GC invocations=16 (full 1):
 PSYoungGen      total 23552K, used 15631K [0x00000000d5580000, 0x00000000d7200000, 0x0000000100000000)
  eden space 22016K, 64% used [0x00000000d5580000,0x00000000d6348008,0x00000000d6b00000)
  from space 1536K, 98% used [0x00000000d6e80000,0x00000000d6ffbfb8,0x00000000d7000000)
  to   space 3584K, 0% used [0x00000000d6b00000,0x00000000d6b00000,0x00000000d6e80000)
 ParOldGen       total 68608K, used 24196K [0x0000000080000000, 0x0000000084300000, 0x00000000d5580000)
  object space 68608K, 35% used [0x0000000080000000,0x00000000817a1060,0x0000000084300000)
 Metaspace       used 34747K, committed 35840K, reserved 1114112K
  class space    used 3570K, committed 4032K, reserved 1048576K
}
Event: 6.380 GC heap after
{Heap after GC invocations=16 (full 1):
 PSYoungGen      total 23040K, used 576K [0x00000000d5580000, 0x00000000d6f00000, 0x0000000100000000)
  eden space 22016K, 0% used [0x00000000d5580000,0x00000000d5580000,0x00000000d6b00000)
  from space 1024K, 56% used [0x00000000d6b00000,0x00000000d6b90000,0x00000000d6c00000)
  to   space 1536K, 0% used [0x00000000d6d80000,0x00000000d6d80000,0x00000000d6f00000)
 ParOldGen       total 68608K, used 25586K [0x0000000080000000, 0x0000000084300000, 0x00000000d5580000)
  object space 68608K, 37% used [0x0000000080000000,0x00000000818fc9a0,0x0000000084300000)
 Metaspace       used 34747K, committed 35840K, reserved 1114112K
  class space    used 3570K, committed 4032K, reserved 1048576K
}
Event: 6.380 GC heap before
{Heap before GC invocations=17 (full 2):
 PSYoungGen      total 23040K, used 576K [0x00000000d5580000, 0x00000000d6f00000, 0x0000000100000000)
  eden space 22016K, 0% used [0x00000000d5580000,0x00000000d5580000,0x00000000d6b00000)
  from space 1024K, 56% used [0x00000000d6b00000,0x00000000d6b90000,0x00000000d6c00000)
  to   space 1536K, 0% used [0x00000000d6d80000,0x00000000d6d80000,0x00000000d6f00000)
 ParOldGen       total 68608K, used 25586K [0x0000000080000000, 0x0000000084300000, 0x00000000d5580000)
  object space 68608K, 37% used [0x0000000080000000,0x00000000818fc9a0,0x0000000084300000)
 Metaspace       used 34747K, committed 35840K, reserved 1114112K
  class space    used 3570K, committed 4032K, reserved 1048576K
}
Event: 6.411 GC heap after
{Heap after GC invocations=17 (full 2):
 PSYoungGen      total 23040K, used 0K [0x00000000d5580000, 0x00000000d6f00000, 0x0000000100000000)
  eden space 22016K, 0% used [0x00000000d5580000,0x00000000d5580000,0x00000000d6b00000)
  from space 1024K, 0% used [0x00000000d6b00000,0x00000000d6b00000,0x00000000d6c00000)
  to   space 1536K, 0% used [0x00000000d6d80000,0x00000000d6d80000,0x00000000d6f00000)
 ParOldGen       total 68608K, used 24828K [0x0000000080000000, 0x0000000084300000, 0x00000000d5580000)
  object space 68608K, 36% used [0x0000000080000000,0x000000008183f118,0x0000000084300000)
 Metaspace       used 34747K, committed 35840K, reserved 1114112K
  class space    used 3570K, committed 4032K, reserved 1048576K
}
Event: 11.087 GC heap before
{Heap before GC invocations=18 (full 2):
 PSYoungGen      total 23040K, used 22016K [0x00000000d5580000, 0x00000000d6f00000, 0x0000000100000000)
  eden space 22016K, 100% used [0x00000000d5580000,0x00000000d6b00000,0x00000000d6b00000)
  from space 1024K, 0% used [0x00000000d6b00000,0x00000000d6b00000,0x00000000d6c00000)
  to   space 1536K, 0% used [0x00000000d6d80000,0x00000000d6d80000,0x00000000d6f00000)
 ParOldGen       total 68608K, used 24830K [0x0000000080000000, 0x0000000084300000, 0x00000000d5580000)
  object space 68608K, 36% used [0x0000000080000000,0x000000008183fa48,0x0000000084300000)
 Metaspace       used 37270K, committed 38336K, reserved 1114112K
  class space    used 3902K, committed 4352K, reserved 1048576K
}
Event: 11.089 GC heap after
{Heap after GC invocations=18 (full 2):
 PSYoungGen      total 23552K, used 1216K [0x00000000d5580000, 0x00000000d6f00000, 0x0000000100000000)
  eden space 22016K, 0% used [0x00000000d5580000,0x00000000d5580000,0x00000000d6b00000)
  from space 1536K, 79% used [0x00000000d6d80000,0x00000000d6eb0000,0x00000000d6f00000)
  to   space 1536K, 0% used [0x00000000d6c00000,0x00000000d6c00000,0x00000000d6d80000)
 ParOldGen       total 68608K, used 24838K [0x0000000080000000, 0x0000000084300000, 0x00000000d5580000)
  object space 68608K, 36% used [0x0000000080000000,0x0000000081841a48,0x0000000084300000)
 Metaspace       used 37270K, committed 38336K, reserved 1114112K
  class space    used 3902K, committed 4352K, reserved 1048576K
}
Event: 11.310 GC heap before
{Heap before GC invocations=19 (full 2):
 PSYoungGen      total 23552K, used 23232K [0x00000000d5580000, 0x00000000d6f00000, 0x0000000100000000)
  eden space 22016K, 100% used [0x00000000d5580000,0x00000000d6b00000,0x00000000d6b00000)
  from space 1536K, 79% used [0x00000000d6d80000,0x00000000d6eb0000,0x00000000d6f00000)
  to   space 1536K, 0% used [0x00000000d6c00000,0x00000000d6c00000,0x00000000d6d80000)
 ParOldGen       total 68608K, used 24838K [0x0000000080000000, 0x0000000084300000, 0x00000000d5580000)
  object space 68608K, 36% used [0x0000000080000000,0x0000000081841a48,0x0000000084300000)
 Metaspace       used 38528K, committed 39616K, reserved 1114112K
  class space    used 4068K, committed 4544K, reserved 1048576K
}
Event: 11.312 GC heap after
{Heap after GC invocations=19 (full 2):
 PSYoungGen      total 23040K, used 704K [0x00000000d5580000, 0x00000000d6e00000, 0x0000000100000000)
  eden space 22016K, 0% used [0x00000000d5580000,0x00000000d5580000,0x00000000d6b00000)
  from space 1024K, 68% used [0x00000000d6c00000,0x00000000d6cb0000,0x00000000d6d00000)
  to   space 1024K, 0% used [0x00000000d6d00000,0x00000000d6d00000,0x00000000d6e00000)
 ParOldGen       total 68608K, used 25870K [0x0000000080000000, 0x0000000084300000, 0x00000000d5580000)
  object space 68608K, 37% used [0x0000000080000000,0x0000000081943a58,0x0000000084300000)
 Metaspace       used 38528K, committed 39616K, reserved 1114112K
  class space    used 4068K, committed 4544K, reserved 1048576K
}
Event: 11.610 GC heap before
{Heap before GC invocations=20 (full 2):
 PSYoungGen      total 23040K, used 22720K [0x00000000d5580000, 0x00000000d6e00000, 0x0000000100000000)
  eden space 22016K, 100% used [0x00000000d5580000,0x00000000d6b00000,0x00000000d6b00000)
  from space 1024K, 68% used [0x00000000d6c00000,0x00000000d6cb0000,0x00000000d6d00000)
  to   space 1024K, 0% used [0x00000000d6d00000,0x00000000d6d00000,0x00000000d6e00000)
 ParOldGen       total 68608K, used 25870K [0x0000000080000000, 0x0000000084300000, 0x00000000d5580000)
  object space 68608K, 37% used [0x0000000080000000,0x0000000081943a58,0x0000000084300000)
 Metaspace       used 40780K, committed 41856K, reserved 1114112K
  class space    used 4360K, committed 4800K, reserved 1048576K
}
Event: 11.611 GC heap after
{Heap after GC invocations=20 (full 2):
 PSYoungGen      total 23040K, used 864K [0x00000000d5580000, 0x00000000d6e00000, 0x0000000100000000)
  eden space 22016K, 0% used [0x00000000d5580000,0x00000000d5580000,0x00000000d6b00000)
  from space 1024K, 84% used [0x00000000d6d00000,0x00000000d6dd8000,0x00000000d6e00000)
  to   space 1024K, 0% used [0x00000000d6c00000,0x00000000d6c00000,0x00000000d6d00000)
 ParOldGen       total 68608K, used 26294K [0x0000000080000000, 0x0000000084300000, 0x00000000d5580000)
  object space 68608K, 38% used [0x0000000080000000,0x00000000819ada58,0x0000000084300000)
 Metaspace       used 40780K, committed 41856K, reserved 1114112K
  class space    used 4360K, committed 4800K, reserved 1048576K
}
Event: 11.953 GC heap before
{Heap before GC invocations=21 (full 2):
 PSYoungGen      total 23040K, used 22880K [0x00000000d5580000, 0x00000000d6e00000, 0x0000000100000000)
  eden space 22016K, 100% used [0x00000000d5580000,0x00000000d6b00000,0x00000000d6b00000)
  from space 1024K, 84% used [0x00000000d6d00000,0x00000000d6dd8000,0x00000000d6e00000)
  to   space 1024K, 0% used [0x00000000d6c00000,0x00000000d6c00000,0x00000000d6d00000)
 ParOldGen       total 68608K, used 26294K [0x0000000080000000, 0x0000000084300000, 0x00000000d5580000)
  object space 68608K, 38% used [0x0000000080000000,0x00000000819ada58,0x0000000084300000)
 Metaspace       used 43252K, committed 44352K, reserved 1114112K
  class space    used 4703K, committed 5120K, reserved 1048576K
}
Event: 11.956 GC heap after
{Heap after GC invocations=21 (full 2):
 PSYoungGen      total 23040K, used 1010K [0x00000000d5580000, 0x00000000d7000000, 0x0000000100000000)
  eden space 22016K, 0% used [0x00000000d5580000,0x00000000d5580000,0x00000000d6b00000)
  from space 1024K, 98% used [0x00000000d6c00000,0x00000000d6cfc8d8,0x00000000d6d00000)
  to   space 2560K, 0% used [0x00000000d6d80000,0x00000000d6d80000,0x00000000d7000000)
 ParOldGen       total 68608K, used 27410K [0x0000000080000000, 0x0000000084300000, 0x00000000d5580000)
  object space 68608K, 39% used [0x0000000080000000,0x0000000081ac4a68,0x0000000084300000)
 Metaspace       used 43252K, committed 44352K, reserved 1114112K
  class space    used 4703K, committed 5120K, reserved 1048576K
}
Event: 12.360 GC heap before
{Heap before GC invocations=22 (full 2):
 PSYoungGen      total 23040K, used 22951K [0x00000000d5580000, 0x00000000d7000000, 0x0000000100000000)
  eden space 22016K, 99% used [0x00000000d5580000,0x00000000d6aed640,0x00000000d6b00000)
  from space 1024K, 98% used [0x00000000d6c00000,0x00000000d6cfc8d8,0x00000000d6d00000)
  to   space 2560K, 0% used [0x00000000d6d80000,0x00000000d6d80000,0x00000000d7000000)
 ParOldGen       total 68608K, used 27410K [0x0000000080000000, 0x0000000084300000, 0x00000000d5580000)
  object space 68608K, 39% used [0x0000000080000000,0x0000000081ac4a68,0x0000000084300000)
 Metaspace       used 45259K, committed 46464K, reserved 1114112K
  class space    used 4939K, committed 5440K, reserved 1048576K
}
Event: 12.362 GC heap after
{Heap after GC invocations=22 (full 2):
 PSYoungGen      total 24064K, used 1806K [0x00000000d5580000, 0x00000000d6f80000, 0x0000000100000000)
  eden space 22016K, 0% used [0x00000000d5580000,0x00000000d5580000,0x00000000d6b00000)
  from space 2048K, 88% used [0x00000000d6d80000,0x00000000d6f43808,0x00000000d6f80000)
  to   space 2048K, 0% used [0x00000000d6b80000,0x00000000d6b80000,0x00000000d6d80000)
 ParOldGen       total 68608K, used 28358K [0x0000000080000000, 0x0000000084300000, 0x00000000d5580000)
  object space 68608K, 41% used [0x0000000080000000,0x0000000081bb1a78,0x0000000084300000)
 Metaspace       used 45259K, committed 46464K, reserved 1114112K
  class space    used 4939K, committed 5440K, reserved 1048576K
}
Event: 12.648 GC heap before
{Heap before GC invocations=23 (full 2):
 PSYoungGen      total 24064K, used 23822K [0x00000000d5580000, 0x00000000d6f80000, 0x0000000100000000)
  eden space 22016K, 100% used [0x00000000d5580000,0x00000000d6b00000,0x00000000d6b00000)
  from space 2048K, 88% used [0x00000000d6d80000,0x00000000d6f43808,0x00000000d6f80000)
  to   space 2048K, 0% used [0x00000000d6b80000,0x00000000d6b80000,0x00000000d6d80000)
 ParOldGen       total 68608K, used 28358K [0x0000000080000000, 0x0000000084300000, 0x00000000d5580000)
  object space 68608K, 41% used [0x0000000080000000,0x0000000081bb1a78,0x0000000084300000)
 Metaspace       used 45851K, committed 47040K, reserved 1114112K
  class space    used 4988K, committed 5504K, reserved 1048576K
}
Event: 13.766 GC heap after
{Heap after GC invocations=23 (full 2):
 PSYoungGen      total 24064K, used 2030K [0x00000000d5580000, 0x00000000d6f80000, 0x0000000100000000)
  eden space 22016K, 0% used [0x00000000d5580000,0x00000000d5580000,0x00000000d6b00000)
  from space 2048K, 99% used [0x00000000d6b80000,0x00000000d6d7b830,0x00000000d6d80000)
  to   space 2048K, 0% used [0x00000000d6d80000,0x00000000d6d80000,0x00000000d6f80000)
 ParOldGen       total 68608K, used 43983K [0x0000000080000000, 0x0000000084300000, 0x00000000d5580000)
  object space 68608K, 64% used [0x0000000080000000,0x0000000082af3ff0,0x0000000084300000)
 Metaspace       used 45851K, committed 47040K, reserved 1114112K
  class space    used 4988K, committed 5504K, reserved 1048576K
}

Dll operation events (10 events):
Event: 0.008 Loaded shared library c:\Users\HP\.vscode\extensions\redhat.java-1.55.0-win32-x64\jre\21.0.11-win32-x86_64\bin\java.dll
Event: 0.053 Loaded shared library c:\Users\HP\.vscode\extensions\redhat.java-1.55.0-win32-x64\jre\21.0.11-win32-x86_64\bin\zip.dll
Event: 0.066 Loaded shared library C:\Users\HP\.vscode\extensions\redhat.java-1.55.0-win32-x64\jre\21.0.11-win32-x86_64\bin\instrument.dll
Event: 0.070 Loaded shared library C:\Users\HP\.vscode\extensions\redhat.java-1.55.0-win32-x64\jre\21.0.11-win32-x86_64\bin\net.dll
Event: 0.072 Loaded shared library C:\Users\HP\.vscode\extensions\redhat.java-1.55.0-win32-x64\jre\21.0.11-win32-x86_64\bin\nio.dll
Event: 0.074 Loaded shared library C:\Users\HP\.vscode\extensions\redhat.java-1.55.0-win32-x64\jre\21.0.11-win32-x86_64\bin\zip.dll
Event: 0.088 Loaded shared library C:\Users\HP\.vscode\extensions\redhat.java-1.55.0-win32-x64\jre\21.0.11-win32-x86_64\bin\jimage.dll
Event: 0.145 Loaded shared library c:\Users\HP\.vscode\extensions\redhat.java-1.55.0-win32-x64\jre\21.0.11-win32-x86_64\bin\verify.dll
Event: 1.029 Loaded shared library C:\Users\HP\AppData\Roaming\Code\User\globalStorage\redhat.java\1.55.0\config_win\org.eclipse.equinox.launcher\org.eclipse.equinox.launcher.win32.win32.x86_64_1.3.100.v20260613-0559\eclipse_11924.dll
Event: 4.469 Loaded shared library C:\Users\HP\AppData\Local\Temp\jna-2312\jna6199325123070833279.dll

Deoptimization events (20 events):
Event: 12.401 Thread 0x000001e1608d0280 DEOPT PACKING pc=0x000001e10a050a1f sp=0x000000da2e3fec40
Event: 12.401 Thread 0x000001e1608d0280 DEOPT UNPACKING pc=0x000001e110ca4242 sp=0x000000da2e3fe118 mode 0
Event: 12.403 Thread 0x000001e1608d0280 DEOPT PACKING pc=0x000001e10a050a1f sp=0x000000da2e3fec40
Event: 12.403 Thread 0x000001e1608d0280 DEOPT UNPACKING pc=0x000001e110ca4242 sp=0x000000da2e3fe118 mode 0
Event: 12.405 Thread 0x000001e1608d0280 DEOPT PACKING pc=0x000001e10a050a1f sp=0x000000da2e3fec30
Event: 12.405 Thread 0x000001e1608d0280 DEOPT UNPACKING pc=0x000001e110ca4242 sp=0x000000da2e3fe108 mode 0
Event: 12.407 Thread 0x000001e1608d0280 DEOPT PACKING pc=0x000001e10a050a1f sp=0x000000da2e3fec40
Event: 12.407 Thread 0x000001e1608d0280 DEOPT UNPACKING pc=0x000001e110ca4242 sp=0x000000da2e3fe118 mode 0
Event: 12.613 Thread 0x000001e1679d0d40 Uncommon trap: trap_request=0xffffff45 fr.pc=0x000001e1114ee198 relative=0x0000000000000498
Event: 12.613 Thread 0x000001e1679d0d40 Uncommon trap: reason=unstable_if action=reinterpret pc=0x000001e1114ee198 method=org.eclipse.jdt.internal.core.index.DiskIndex.readStreamChars(Ljava/io/InputStream;)[C @ 169 c2
Event: 12.614 Thread 0x000001e1679d0d40 DEOPT PACKING pc=0x000001e1114ee198 sp=0x000000da2fffe9c0
Event: 12.614 Thread 0x000001e1679d0d40 DEOPT UNPACKING pc=0x000001e110ca3aa2 sp=0x000000da2fffe958 mode 2
Event: 13.767 Thread 0x000001e168a6c970 DEOPT PACKING pc=0x000001e10a32d46e sp=0x000000da303fe760
Event: 13.767 Thread 0x000001e168a6c970 DEOPT UNPACKING pc=0x000001e110ca4242 sp=0x000000da303fdce0 mode 0
Event: 13.769 Thread 0x000001e168a6a8a0 DEOPT PACKING pc=0x000001e10a32d46e sp=0x000000da305fe840
Event: 13.769 Thread 0x000001e168a6a8a0 DEOPT UNPACKING pc=0x000001e110ca4242 sp=0x000000da305fddc0 mode 0
Event: 14.781 Thread 0x000001e1679d13d0 DEOPT PACKING pc=0x000001e10a32d46e sp=0x000000da2fefeaa0
Event: 14.781 Thread 0x000001e1679d13d0 DEOPT UNPACKING pc=0x000001e110ca4242 sp=0x000000da2fefe020 mode 0
Event: 14.781 Thread 0x000001e168a69b80 DEOPT PACKING pc=0x000001e10a32d46e sp=0x000000da302fe8f0
Event: 14.781 Thread 0x000001e168a69b80 DEOPT UNPACKING pc=0x000001e110ca4242 sp=0x000000da302fde70 mode 0

Classes loaded (20 events):
Event: 12.187 Loading class sun/net/www/protocol/https/Handler
Event: 12.187 Loading class sun/net/www/protocol/http/Handler
Event: 12.188 Loading class sun/net/www/protocol/http/Handler done
Event: 12.188 Loading class sun/net/www/protocol/https/Handler done
Event: 12.225 Loading class java/lang/Runtime$VersionPattern
Event: 12.225 Loading class java/lang/Runtime$VersionPattern done
Event: 12.238 Loading class java/io/DataOutputStream
Event: 12.239 Loading class java/io/DataOutputStream done
Event: 12.380 Loading class sun/nio/cs/ThreadLocalCoders
Event: 12.380 Loading class sun/nio/cs/ThreadLocalCoders done
Event: 12.380 Loading class sun/nio/cs/ThreadLocalCoders$1
Event: 12.380 Loading class sun/nio/cs/ThreadLocalCoders$Cache
Event: 12.380 Loading class sun/nio/cs/ThreadLocalCoders$Cache done
Event: 12.380 Loading class sun/nio/cs/ThreadLocalCoders$1 done
Event: 12.380 Loading class sun/nio/cs/ThreadLocalCoders$2
Event: 12.380 Loading class sun/nio/cs/ThreadLocalCoders$2 done
Event: 12.426 Loading class java/io/UTFDataFormatException
Event: 12.426 Loading class java/io/UTFDataFormatException done
Event: 12.611 Loading class java/util/concurrent/ForkJoinTask$AdaptedCallable
Event: 12.611 Loading class java/util/concurrent/ForkJoinTask$AdaptedCallable done

Classes unloaded (7 events):
Event: 5.210 Thread 0x000001e1064b3d30 Unloading class 0x000001e11e1a4000 'java/lang/invoke/LambdaForm$MH+0x000001e11e1a4000'
Event: 5.210 Thread 0x000001e1064b3d30 Unloading class 0x000001e11e1a3c00 'java/lang/invoke/LambdaForm$MH+0x000001e11e1a3c00'
Event: 5.210 Thread 0x000001e1064b3d30 Unloading class 0x000001e11e1a3800 'java/lang/invoke/LambdaForm$MH+0x000001e11e1a3800'
Event: 5.210 Thread 0x000001e1064b3d30 Unloading class 0x000001e11e1a3400 'java/lang/invoke/LambdaForm$MH+0x000001e11e1a3400'
Event: 5.210 Thread 0x000001e1064b3d30 Unloading class 0x000001e11e1a3000 'java/lang/invoke/LambdaForm$BMH+0x000001e11e1a3000'
Event: 5.210 Thread 0x000001e1064b3d30 Unloading class 0x000001e11e1a2c00 'java/lang/invoke/LambdaForm$DMH+0x000001e11e1a2c00'
Event: 5.210 Thread 0x000001e1064b3d30 Unloading class 0x000001e11e1a1800 'java/lang/invoke/LambdaForm$DMH+0x000001e11e1a1800'

Classes redefined (0 events):
No events

Internal exceptions (20 events):
Event: 12.242 Thread 0x000001e1608d0280 Exception <a 'sun/nio/fs/WindowsException'{0x00000000d661d990}> (0x00000000d661d990) 
thrown [s\src\hotspot\share\prims\jni.cpp, line 520]
Event: 12.242 Thread 0x000001e1608d0280 Exception <a 'sun/nio/fs/WindowsException'{0x00000000d661dfc0}> (0x00000000d661dfc0) 
thrown [s\src\hotspot\share\prims\jni.cpp, line 520]
Event: 12.313 Thread 0x000001e1608d0280 Exception <a 'sun/nio/fs/WindowsException'{0x00000000d67fb900}> (0x00000000d67fb900) 
thrown [s\src\hotspot\share\prims\jni.cpp, line 520]
Event: 12.313 Thread 0x000001e1608d0280 Exception <a 'sun/nio/fs/WindowsException'{0x00000000d67fbfd8}> (0x00000000d67fbfd8) 
thrown [s\src\hotspot\share\prims\jni.cpp, line 520]
Event: 12.315 Thread 0x000001e1608d0280 Exception <a 'sun/nio/fs/WindowsException'{0x00000000d67fe6f8}> (0x00000000d67fe6f8) 
thrown [s\src\hotspot\share\prims\jni.cpp, line 520]
Event: 12.315 Thread 0x000001e1608d0280 Exception <a 'sun/nio/fs/WindowsException'{0x00000000d67fed28}> (0x00000000d67fed28) 
thrown [s\src\hotspot\share\prims\jni.cpp, line 520]
Event: 12.315 Thread 0x000001e1608d0280 Exception <a 'sun/nio/fs/WindowsException'{0x00000000d6802420}> (0x00000000d6802420) 
thrown [s\src\hotspot\share\prims\jni.cpp, line 520]
Event: 12.315 Thread 0x000001e1608d0280 Exception <a 'sun/nio/fs/WindowsException'{0x00000000d6802a50}> (0x00000000d6802a50) 
thrown [s\src\hotspot\share\prims\jni.cpp, line 520]
Event: 12.316 Thread 0x000001e1608d0280 Exception <a 'sun/nio/fs/WindowsException'{0x00000000d68043d8}> (0x00000000d68043d8) 
thrown [s\src\hotspot\share\prims\jni.cpp, line 520]
Event: 12.316 Thread 0x000001e1608d0280 Exception <a 'sun/nio/fs/WindowsException'{0x00000000d6804a08}> (0x00000000d6804a08) 
thrown [s\src\hotspot\share\prims\jni.cpp, line 520]
Event: 12.317 Thread 0x000001e1608d0280 Exception <a 'sun/nio/fs/WindowsException'{0x00000000d6808fa8}> (0x00000000d6808fa8) 
thrown [s\src\hotspot\share\prims\jni.cpp, line 520]
Event: 12.317 Thread 0x000001e1608d0280 Exception <a 'sun/nio/fs/WindowsException'{0x00000000d68095d8}> (0x00000000d68095d8) 
thrown [s\src\hotspot\share\prims\jni.cpp, line 520]
Event: 12.317 Thread 0x000001e1608d0280 Exception <a 'sun/nio/fs/WindowsException'{0x00000000d680cba0}> (0x00000000d680cba0) 
thrown [s\src\hotspot\share\prims\jni.cpp, line 520]
Event: 12.318 Thread 0x000001e1608d0280 Exception <a 'sun/nio/fs/WindowsException'{0x00000000d680d1d0}> (0x00000000d680d1d0) 
thrown [s\src\hotspot\share\prims\jni.cpp, line 520]
Event: 12.393 Thread 0x000001e1608d0280 Exception <a 'sun/nio/fs/WindowsException'{0x00000000d57dcbe8}> (0x00000000d57dcbe8) 
thrown [s\src\hotspot\share\prims\jni.cpp, line 520]
Event: 12.417 Thread 0x000001e1608d0280 Exception <a 'java/io/FileNotFoundException'{0x00000000d5961bd8}> (0x00000000d5961bd8) 
thrown [s\src\hotspot\share\prims\jni.cpp, line 520]
Event: 12.418 Thread 0x000001e1608d0280 Exception <a 'java/io/FileNotFoundException'{0x00000000d5963188}> (0x00000000d5963188) 
thrown [s\src\hotspot\share\prims\jni.cpp, line 520]
Event: 12.419 Thread 0x000001e1608d0280 Exception <a 'java/lang/NoSuchMethodError'{0x00000000d59712a8}: 'java.lang.Object java.lang.invoke.DirectMethodHandle$Holder.newInvokeSpecial(java.lang.Object, java.lang.Object, java.lang.Object, int)'> (0x00000000d59712a8) 
thrown [s\src\hotspot\share\interpreter\linkResolver.cpp, line 773]
Event: 12.419 Thread 0x000001e1608d0280 Exception <a 'java/lang/NoSuchMethodError'{0x00000000d5974f20}: 'java.lang.Object java.lang.invoke.DirectMethodHandle$Holder.invokeSpecial(java.lang.Object, java.lang.Object, java.lang.Object, java.lang.Object, int)'> (0x00000000d5974f20) 
thrown [s\src\hotspot\share\interpreter\linkResolver.cpp, line 773]
Event: 12.420 Thread 0x000001e1608d0280 Exception <a 'java/lang/NoSuchMethodError'{0x00000000d59783c8}: 'java.lang.Object java.lang.invoke.Invokers$Holder.linkToTargetMethod(java.lang.Object, java.lang.Object, int, java.lang.Object)'> (0x00000000d59783c8) 
thrown [s\src\hotspot\share\interpreter\linkResolver.cpp, line 773]

ZGC Phase Switch (0 events):
No events

VM Operations (20 events):
Event: 11.398 Executing non-safepoint VM operation: HandshakeAllThreads (Deoptimize)
Event: 11.398 Executing non-safepoint VM operation: HandshakeAllThreads (Deoptimize) done
Event: 11.610 Executing safepoint VM operation: ParallelGCFailedAllocation (Allocation Failure)
Event: 11.611 Executing safepoint VM operation: ParallelGCFailedAllocation (Allocation Failure) done
Event: 11.623 Executing non-safepoint VM operation: HandshakeAllThreads (Deoptimize)
Event: 11.623 Executing non-safepoint VM operation: HandshakeAllThreads (Deoptimize) done
Event: 11.800 Executing non-safepoint VM operation: HandshakeAllThreads (Deoptimize)
Event: 11.800 Executing non-safepoint VM operation: HandshakeAllThreads (Deoptimize) done
Event: 11.902 Executing safepoint VM operation: ICBufferFull
Event: 11.902 Executing safepoint VM operation: ICBufferFull done
Event: 11.953 Executing safepoint VM operation: ParallelGCFailedAllocation (Allocation Failure)
Event: 11.956 Executing safepoint VM operation: ParallelGCFailedAllocation (Allocation Failure) done
Event: 12.314 Executing safepoint VM operation: ICBufferFull
Event: 12.314 Executing safepoint VM operation: ICBufferFull done
Event: 12.360 Executing safepoint VM operation: ParallelGCFailedAllocation (Allocation Failure)
Event: 12.362 Executing safepoint VM operation: ParallelGCFailedAllocation (Allocation Failure) done
Event: 12.648 Executing safepoint VM operation: ParallelGCFailedAllocation (Allocation Failure)
Event: 13.766 Executing safepoint VM operation: ParallelGCFailedAllocation (Allocation Failure) done
Event: 14.780 Executing safepoint VM operation: Cleanup
Event: 14.780 Executing safepoint VM operation: Cleanup done

Memory protections (0 events):
No events

Nmethod flushes (20 events):
Event: 6.398 Thread 0x000001e1064b3d30 flushing  nmethod 0x000001e109db2310
Event: 6.398 Thread 0x000001e1064b3d30 flushing  nmethod 0x000001e109db4110
Event: 6.398 Thread 0x000001e1064b3d30 flushing  nmethod 0x000001e109db4a10
Event: 6.398 Thread 0x000001e1064b3d30 flushing  nmethod 0x000001e109db5c10
Event: 6.398 Thread 0x000001e1064b3d30 flushing  nmethod 0x000001e109db6410
Event: 6.398 Thread 0x000001e1064b3d30 flushing  nmethod 0x000001e109db6b90
Event: 6.398 Thread 0x000001e1064b3d30 flushing  nmethod 0x000001e109db8110
Event: 6.398 Thread 0x000001e1064b3d30 flushing  nmethod 0x000001e109db8c90
Event: 6.398 Thread 0x000001e1064b3d30 flushing  nmethod 0x000001e109db9590
Event: 6.398 Thread 0x000001e1064b3d30 flushing  nmethod 0x000001e109dba690
Event: 6.398 Thread 0x000001e1064b3d30 flushing  nmethod 0x000001e109dbb310
Event: 6.398 Thread 0x000001e1064b3d30 flushing  nmethod 0x000001e109dc4310
Event: 6.398 Thread 0x000001e1064b3d30 flushing  nmethod 0x000001e109dc4810
Event: 6.398 Thread 0x000001e1064b3d30 flushing  nmethod 0x000001e109dc4c10
Event: 6.398 Thread 0x000001e1064b3d30 flushing  nmethod 0x000001e109dc5990
Event: 6.398 Thread 0x000001e1064b3d30 flushing  nmethod 0x000001e109dda490
Event: 6.398 Thread 0x000001e1064b3d30 flushing  nmethod 0x000001e109de1c90
Event: 6.398 Thread 0x000001e1064b3d30 flushing  nmethod 0x000001e109defb10
Event: 6.398 Thread 0x000001e1064b3d30 flushing  nmethod 0x000001e109df2110
Event: 6.398 Thread 0x000001e1064b3d30 flushing  nmethod 0x000001e109e43710

Events (20 events):
Event: 6.094 Thread 0x000001e10651db50 Thread added: 0x000001e1679cc510
Event: 6.094 Thread 0x000001e10651db50 Thread added: 0x000001e1679ce5e0
Event: 6.095 Thread 0x000001e10651db50 Thread added: 0x000001e1679cdf50
Event: 6.095 Thread 0x000001e10651db50 Thread added: 0x000001e1679cec70
Event: 6.134 Thread 0x000001e10651db50 Thread added: 0x000001e1679cbe80
Event: 6.149 Thread 0x000001e1608d0fa0 Thread added: 0x000001e1679cf990
Event: 6.463 Thread 0x000001e10651db50 Thread added: 0x000001e1679ccba0
Event: 6.464 Thread 0x000001e10651db50 Thread added: 0x000001e1679d06b0
Event: 11.053 Thread 0x000001e15f2351b0 Thread added: 0x000001e15f2f4ec0
Event: 12.612 Thread 0x000001e1608d0280 Thread added: 0x000001e1679d2e10
Event: 12.612 Thread 0x000001e1608d0280 Thread added: 0x000001e1679d34a0
Event: 12.612 Thread 0x000001e1679d2e10 Thread added: 0x000001e1679d2780
Event: 12.613 Thread 0x000001e1679d34a0 Thread added: 0x000001e1679d13d0
Event: 12.613 Thread 0x000001e1679d2780 Thread added: 0x000001e1679d0d40
Event: 12.613 Thread 0x000001e1679d13d0 Thread added: 0x000001e168a6d000
Event: 12.613 Thread 0x000001e1679d0d40 Thread added: 0x000001e168a6bc50
Event: 12.613 Thread 0x000001e168a6d000 Thread added: 0x000001e168a69b80
Event: 12.613 Thread 0x000001e168a69b80 Thread added: 0x000001e168a6c970
Event: 12.614 Thread 0x000001e168a6bc50 Thread added: 0x000001e168a6d690
Event: 12.614 Thread 0x000001e168a6c970 Thread added: 0x000001e168a6a8a0


Dynamic libraries:
0x00007ff76a170000 - 0x00007ff76a17e000 	c:\Users\HP\.vscode\extensions\redhat.java-1.55.0-win32-x64\jre\21.0.11-win32-x86_64\bin\java.exe
0x00007ffb26c40000 - 0x00007ffb26ea7000 	C:\WINDOWS\SYSTEM32\ntdll.dll
0x00007ffb256a0000 - 0x00007ffb25769000 	C:\WINDOWS\System32\KERNEL32.DLL
0x00007ffb245e0000 - 0x00007ffb249d1000 	C:\WINDOWS\System32\KERNELBASE.dll
0x00007ffb23520000 - 0x00007ffb2366b000 	C:\WINDOWS\System32\ucrtbase.dll
0x00007ffb1a830000 - 0x00007ffb1a84e000 	c:\Users\HP\.vscode\extensions\redhat.java-1.55.0-win32-x64\jre\21.0.11-win32-x86_64\bin\VCRUNTIME140.dll
0x00007ffb15860000 - 0x00007ffb15878000 	c:\Users\HP\.vscode\extensions\redhat.java-1.55.0-win32-x64\jre\21.0.11-win32-x86_64\bin\jli.dll
0x00007ffb26a30000 - 0x00007ffb26bf5000 	C:\WINDOWS\System32\USER32.dll
0x00007ffb0ea40000 - 0x00007ffb0ecd3000 	C:\WINDOWS\WinSxS\amd64_microsoft.windows.common-controls_6595b64144ccf1df_6.0.26100.8037_none_3e092faae333b53b\COMCTL32.dll
0x00007ffb23890000 - 0x00007ffb238b7000 	C:\WINDOWS\System32\win32u.dll
0x00007ffb26490000 - 0x00007ffb26539000 	C:\WINDOWS\System32\msvcrt.dll
0x00007ffb25770000 - 0x00007ffb2579b000 	C:\WINDOWS\System32\GDI32.dll
0x00007ffb24420000 - 0x00007ffb2454b000 	C:\WINDOWS\System32\gdi32full.dll
0x00007ffb237e0000 - 0x00007ffb23883000 	C:\WINDOWS\System32\msvcp_win.dll
0x00007ffb26720000 - 0x00007ffb26751000 	C:\WINDOWS\System32\IMM32.DLL
0x00007ffb1a650000 - 0x00007ffb1a65c000 	c:\Users\HP\.vscode\extensions\redhat.java-1.55.0-win32-x64\jre\21.0.11-win32-x86_64\bin\vcruntime140_1.dll
0x00007ffb152a0000 - 0x00007ffb1532d000 	c:\Users\HP\.vscode\extensions\redhat.java-1.55.0-win32-x64\jre\21.0.11-win32-x86_64\bin\msvcp140.dll
0x00007ffa85020000 - 0x00007ffa85dc2000 	c:\Users\HP\.vscode\extensions\redhat.java-1.55.0-win32-x64\jre\21.0.11-win32-x86_64\bin\server\jvm.dll
0x00007ffb26970000 - 0x00007ffb26a2b000 	C:\WINDOWS\System32\ADVAPI32.dll
0x00007ffb25f50000 - 0x00007ffb25ff7000 	C:\WINDOWS\System32\sechost.dll
0x00007ffb26770000 - 0x00007ffb26888000 	C:\WINDOWS\System32\RPCRT4.dll
0x00007ffb25ed0000 - 0x00007ffb25f44000 	C:\WINDOWS\System32\WS2_32.dll
0x00007ffb23380000 - 0x00007ffb233de000 	C:\WINDOWS\SYSTEM32\POWRPROF.dll
0x00007ffb1d8e0000 - 0x00007ffb1d915000 	C:\WINDOWS\SYSTEM32\WINMM.dll
0x00007ffb1d920000 - 0x00007ffb1d92b000 	C:\WINDOWS\SYSTEM32\VERSION.dll
0x00007ffb23360000 - 0x00007ffb23374000 	C:\WINDOWS\SYSTEM32\UMPDC.dll
0x00007ffb222b0000 - 0x00007ffb222cb000 	C:\WINDOWS\SYSTEM32\kernel.appcore.dll
0x00007ffb20d40000 - 0x00007ffb20d4a000 	c:\Users\HP\.vscode\extensions\redhat.java-1.55.0-win32-x64\jre\21.0.11-win32-x86_64\bin\jimage.dll
0x00007ffb04cd0000 - 0x00007ffb04f12000 	C:\WINDOWS\SYSTEM32\DBGHELP.DLL
0x00007ffb26000000 - 0x00007ffb26382000 	C:\WINDOWS\System32\combase.dll
0x00007ffb25df0000 - 0x00007ffb25ec7000 	C:\WINDOWS\System32\OLEAUT32.dll
0x00007ffb05cd0000 - 0x00007ffb05d0b000 	C:\WINDOWS\SYSTEM32\dbgcore.DLL
0x00007ffb23730000 - 0x00007ffb237d5000 	C:\WINDOWS\System32\bcryptPrimitives.dll
0x00007ffb20d30000 - 0x00007ffb20d3f000 	c:\Users\HP\.vscode\extensions\redhat.java-1.55.0-win32-x64\jre\21.0.11-win32-x86_64\bin\instrument.dll
0x00007ffb1a680000 - 0x00007ffb1a6a0000 	c:\Users\HP\.vscode\extensions\redhat.java-1.55.0-win32-x64\jre\21.0.11-win32-x86_64\bin\java.dll
0x00007ffb24c40000 - 0x00007ffb2539f000 	C:\WINDOWS\System32\SHELL32.dll
0x00007ffb242b0000 - 0x00007ffb2441a000 	C:\WINDOWS\System32\wintypes.dll
0x00007ffb238c0000 - 0x00007ffb24124000 	C:\WINDOWS\System32\windows.storage.dll
0x00007ffb26390000 - 0x00007ffb26487000 	C:\WINDOWS\System32\SHCORE.dll
0x00007ffb24bc0000 - 0x00007ffb24c27000 	C:\WINDOWS\System32\shlwapi.dll
0x00007ffb23440000 - 0x00007ffb23469000 	C:\WINDOWS\SYSTEM32\profapi.dll
0x00007ffb1a660000 - 0x00007ffb1a678000 	c:\Users\HP\.vscode\extensions\redhat.java-1.55.0-win32-x64\jre\21.0.11-win32-x86_64\bin\zip.dll
0x00007ffb19d40000 - 0x00007ffb19d50000 	C:\Users\HP\.vscode\extensions\redhat.java-1.55.0-win32-x64\jre\21.0.11-win32-x86_64\bin\net.dll
0x00007ffb1ddb0000 - 0x00007ffb1ded7000 	C:\WINDOWS\SYSTEM32\WINHTTP.dll
0x00007ffb22820000 - 0x00007ffb2288b000 	C:\WINDOWS\system32\mswsock.dll
0x00007ffb164a0000 - 0x00007ffb164b6000 	C:\Users\HP\.vscode\extensions\redhat.java-1.55.0-win32-x64\jre\21.0.11-win32-x86_64\bin\nio.dll
0x00007ffb18730000 - 0x00007ffb18740000 	c:\Users\HP\.vscode\extensions\redhat.java-1.55.0-win32-x64\jre\21.0.11-win32-x86_64\bin\verify.dll
0x00007ffb01810000 - 0x00007ffb01855000 	C:\Users\HP\AppData\Roaming\Code\User\globalStorage\redhat.java\1.55.0\config_win\org.eclipse.equinox.launcher\org.eclipse.equinox.launcher.win32.win32.x86_64_1.3.100.v20260613-0559\eclipse_11924.dll
0x00007ffb253b0000 - 0x00007ffb25545000 	C:\WINDOWS\System32\ole32.dll
0x00007ffb22b00000 - 0x00007ffb22b1b000 	C:\WINDOWS\SYSTEM32\CRYPTSP.dll
0x00007ffb22210000 - 0x00007ffb22249000 	C:\WINDOWS\system32\rsaenh.dll
0x00007ffb228d0000 - 0x00007ffb22902000 	C:\WINDOWS\SYSTEM32\USERENV.dll
0x00007ffb23410000 - 0x00007ffb2343a000 	C:\WINDOWS\SYSTEM32\bcrypt.dll
0x00007ffb22b20000 - 0x00007ffb22b2c000 	C:\WINDOWS\SYSTEM32\CRYPTBASE.dll
0x00007ffb21cd0000 - 0x00007ffb21d03000 	C:\WINDOWS\SYSTEM32\IPHLPAPI.DLL
0x00007ffb257d0000 - 0x00007ffb257da000 	C:\WINDOWS\System32\NSI.dll
0x00007ffafeb70000 - 0x00007ffafebb9000 	C:\Users\HP\AppData\Local\Temp\jna-2312\jna6199325123070833279.dll
0x00007ffb25570000 - 0x00007ffb25578000 	C:\WINDOWS\System32\PSAPI.DLL
0x00007ffb1e060000 - 0x00007ffb1e07d000 	C:\WINDOWS\SYSTEM32\dhcpcsvc6.DLL
0x00007ffb1df70000 - 0x00007ffb1df93000 	C:\WINDOWS\SYSTEM32\dhcpcsvc.DLL

JVMTI agents:
c:\Users\HP\.vscode\extensions\redhat.java-1.55.0-win32-x64\lombok\lombok-1.18.39-4050.jar path:c:\Users\HP\.vscode\extensions\redhat.java-1.55.0-win32-x64\jre\21.0.11-win32-x86_64\bin\instrument.dll, loaded, initialized, instrumentlib options:none

dbghelp: loaded successfully - version: 4.0.5 - missing functions: none
symbol engine: initialized successfully - sym options: 0x614 - pdb path: .;c:\Users\HP\.vscode\extensions\redhat.java-1.55.0-win32-x64\jre\21.0.11-win32-x86_64\bin;C:\WINDOWS\SYSTEM32;C:\WINDOWS\WinSxS\amd64_microsoft.windows.common-controls_6595b64144ccf1df_6.0.26100.8037_none_3e092faae333b53b;c:\Users\HP\.vscode\extensions\redhat.java-1.55.0-win32-x64\jre\21.0.11-win32-x86_64\bin\server;C:\Users\HP\AppData\Roaming\Code\User\globalStorage\redhat.java\1.55.0\config_win\org.eclipse.equinox.launcher\org.eclipse.equinox.launcher.win32.win32.x86_64_1.3.100.v20260613-0559;C:\Users\HP\AppData\Local\Temp\jna-2312

VM Arguments:
jvm_args: --add-modules=ALL-SYSTEM --add-opens=java.base/java.util=ALL-UNNAMED --add-opens=java.base/java.lang=ALL-UNNAMED --add-opens=java.base/sun.nio.fs=ALL-UNNAMED -Declipse.application=org.eclipse.jdt.ls.core.id1 -Dosgi.bundles.defaultStartLevel=4 -Declipse.product=org.eclipse.jdt.ls.core.product -Djava.import.generatesMetadataFilesAtProjectRoot=false -DDetectVMInstallationsJob.disabled=true -Dfile.encoding=utf8 -XX:+UseParallelGC -XX:GCTimeRatio=4 -XX:AdaptiveSizePolicyWeight=90 -Dsun.zip.disableMemoryMapping=true -Xmx2G -Xms100m -Xlog:disable -javaagent:c:\Users\HP\.vscode\extensions\redhat.java-1.55.0-win32-x64\lombok\lombok-1.18.39-4050.jar -XX:+HeapDumpOnOutOfMemoryError -XX:HeapDumpPath=c:\Users\HP\AppData\Roaming\Code\User\workspaceStorage\3e826355c16ae9985447f765169b4c02\redhat.java -Daether.dependencyCollector.impl=bf 
java_command: c:\Users\HP\.vscode\extensions\redhat.java-1.55.0-win32-x64\server\plugins\org.eclipse.equinox.launcher_1.7.200.v20260619-2039.jar -configuration c:\Users\HP\AppData\Roaming\Code\User\globalStorage\redhat.java\1.55.0\config_win -data c:\Users\HP\AppData\Roaming\Code\User\workspaceStorage\3e826355c16ae9985447f765169b4c02\redhat.java\jdt_ws --pipe=\\.\pipe\lsp-3fb91b4ad7030c1d3021a36daeabf227-sock
java_class_path (initial): c:\Users\HP\.vscode\extensions\redhat.java-1.55.0-win32-x64\server\plugins\org.eclipse.equinox.launcher_1.7.200.v20260619-2039.jar
Launcher Type: SUN_STANDARD

[Global flags]
    uintx AdaptiveSizePolicyWeight                 = 90                                        {product} {command line}
     intx CICompilerCount                          = 4                                         {product} {ergonomic}
    uintx GCTimeRatio                              = 4                                         {product} {command line}
     bool HeapDumpOnOutOfMemoryError               = true                                   {manageable} {command line}
    ccstr HeapDumpPath                             = c:\Users\HP\AppData\Roaming\Code\User\workspaceStorage\3e826355c16ae9985447f765169b4c02\redhat.java         {manageable} {command line}
   size_t InitialHeapSize                          = 104857600                                 {product} {command line}
   size_t MaxHeapSize                              = 2147483648                                {product} {command line}
   size_t MaxNewSize                               = 715653120                                 {product} {ergonomic}
   size_t MinHeapDeltaBytes                        = 524288                                    {product} {ergonomic}
   size_t MinHeapSize                              = 104857600                                 {product} {command line}
   size_t NewSize                                  = 34603008                                  {product} {ergonomic}
    uintx NonNMethodCodeHeapSize                   = 5839372                                {pd product} {ergonomic}
    uintx NonProfiledCodeHeapSize                  = 122909434                              {pd product} {ergonomic}
   size_t OldSize                                  = 70254592                                  {product} {ergonomic}
    uintx ProfiledCodeHeapSize                     = 122909434                              {pd product} {ergonomic}
    uintx ReservedCodeCacheSize                    = 251658240                              {pd product} {ergonomic}
     bool SegmentedCodeCache                       = true                                      {product} {ergonomic}
   size_t SoftMaxHeapSize                          = 2147483648                             {manageable} {ergonomic}
     bool UseCompressedOops                        = true                           {product lp64_product} {ergonomic}
     bool UseLargePagesIndividualAllocation        = false                                  {pd product} {ergonomic}
     bool UseParallelGC                            = true                                      {product} {command line}

Logging:
Log output configuration:
 #0: stdout all=off uptime,level,tags foldmultilines=false
 #1: stderr all=off uptime,level,tags foldmultilines=false

Release file:
JAVA_VERSION="21.0.11" 
MODULES="java.base java.compiler java.datatransfer java.xml java.prefs java.desktop java.instrument java.logging java.management java.security.sasl java.naming java.rmi java.management.rmi java.net.http java.scripting java.security.jgss java.transaction.xa java.sql java.sql.rowset java.xml.crypto java.se java.smartcardio jdk.accessibility jdk.internal.jvmstat jdk.attach jdk.charsets jdk.internal.opt jdk.zipfs jdk.compiler jdk.crypto.ec jdk.crypto.cryptoki jdk.crypto.mscapi jdk.dynalink jdk.internal.ed jdk.editpad jdk.hotspot.agent jdk.httpserver jdk.internal.le jdk.internal.vm.ci jdk.internal.vm.compiler jdk.internal.vm.compiler.management jdk.jartool jdk.javadoc jdk.jcmd jdk.management jdk.management.agent jdk.jconsole jdk.jdeps jdk.jdwp.agent jdk.jdi jdk.jfr jdk.jshell jdk.jsobject jdk.jstatd jdk.localedata jdk.management.jfr jdk.naming.dns jdk.naming.rmi jdk.net jdk.nio.mapmode jdk.random jdk.sctp jdk.security.auth jdk.security.jgss jdk.unsupported jdk.unsupported.desktop jdk.xml.dom" 

Environment Variables:
JAVA_HOME=C:\Program Files\Java\jdk-17
PATH=C:\app\HP\product\21c\dbhomeXE\bin;C:\Program Files\Microsoft\jdk-25.0.2.10-hotspot\bin;C:\oraclexe\app\oracle\product\10.2.0\server\bin;C:\Oracle\bin;D:\oracle\product\10.2.0\db_5\bin;D:\oracle\product\10.2.0\db_4\bin;D:\oracle\product\10.2.0\db_3\bin;D:\oracle\product\10.2.0\db_2\bin;D:\oracle\product\10.2.0\db_1\bin;C:\Program Files\Common Files\Oracle\Java\javapath;C:\WINDOWS\system32;C:\WINDOWS;C:\WINDOWS\System32\Wbem;C:\WINDOWS\System32\WindowsPowerShell\v1.0\;C:\WINDOWS\System32\OpenSSH\;C:\Program Files (x86)\Microsoft SQL Server\100\Tools\Binn\;C:\Program Files\Microsoft SQL Server\100\Tools\Binn\;C:\Program Files\Microsoft SQL Server\100\DTS\Binn\;C:\Program Files\Git\cmd;C:\Program Files\nodejs\;C:\Users\HP\AppData\Local\Programs\Python\Python313\Scripts\;C:\Users\HP\AppData\Local\Programs\Python\Python313\;C:\Program Files\MySQL\MySQL Shell 8.0\bin\;C:\Users\HP\AppData\Local\Microsoft\WindowsApps;C:\Program Files\JetBrains\PyCharm Community Edition 2022.1.4\bin;C:\Users\HP\AppData\Local\Android\S;C:\Users\HP\AppData\Local\Programs\Python\Python313\Scripts\;C:\Users\HP\AppData\Local\Programs\Python\Python313\;C:\Program Files\MySQL\MySQL Shell 8.0\bin\;C:\Users\HP\AppData\Local\Microsoft\WindowsApps;C:\Program Files\JetBrains\PyCharm Community Edition 2022.1.4\bin;;C:\Users\HP\AppData\Local\Android\Sdk\platform-tools;C:\Users\HP\AppData\Roaming\npm;C:\Users\HP\AppData\Local\Programs\Microsoft VS Code\bin;C:\Users\HP\.bun\bin;C:\Users\HP\AppData\Local\Programs\MiKTeX\miktex\bin\x64\;D:\Antigravity\bin
USERNAME=HP
OS=Windows_NT
PROCESSOR_IDENTIFIER=AMD64 Family 25 Model 80 Stepping 0, AuthenticAMD
TMP=C:\Users\HP\AppData\Local\Temp
TEMP=C:\Users\HP\AppData\Local\Temp




Periodic native trim disabled

---------------  S Y S T E M  ---------------

OS:
 Windows 11 , 64 bit Build 26100 (10.0.26100.7920)
OS uptime: 19 days 5:51 hours
Hyper-V role detected

CPU: total 12 (initial active 12) (12 cores per cpu, 2 threads per core) family 25 model 80 stepping 0 microcode 0xa500014, cx8, cmov, fxsr, ht, mmx, 3dnowpref, sse, sse2, sse3, ssse3, sse4a, sse4.1, sse4.2, popcnt, lzcnt, tsc, tscinvbit, avx, avx2, aes, erms, clmul, bmi1, bmi2, adx, sha, fma, vzeroupper, clflush, clflushopt, hv, rdtscp, rdpid, fsrm, f16c, cet_ss
Processor Information for the first 12 processors :
  Max Mhz: 3301, Current Mhz: 3301, Mhz Limit: 3301

Memory: 4k page, system-wide physical 7518M (463M free)
TotalPageFile size 31070M (AvailPageFile size 9M)
current process WorkingSet (physical memory assigned to process): 255M, peak: 255M
current process commit charge ("private bytes"): 359M, peak: 392M

vm_info: OpenJDK 64-Bit Server VM (21.0.11+10-LTS) for windows-amd64 JRE (21.0.11+10-LTS), built on 2026-04-21T00:00:00Z by "admin" with MS VC++ 17.12 (VS2022)

END.
