#
# There is insufficient memory for the Java Runtime Environment to continue.
# Native memory allocation (malloc) failed to allocate 1247856 bytes. Error detail: Chunk::new
# Possible reasons:
#   The system is out of physical RAM or swap space
#   This process is running with CompressedOops enabled, and the Java Heap may be blocking the growth of the native heap
# Possible solutions:
#   Reduce memory load on the system
#   Increase physical memory or swap space
#   Check if swap backing store is full
#   Decrease Java heap size (-Xmx/-Xms)
#   Decrease number of Java threads
#   Decrease Java thread stack sizes (-Xss)
#   Set larger code cache with -XX:ReservedCodeCacheSize=
#   JVM is running with Unscaled Compressed Oops mode in which the Java heap is
#     placed in the first 4GB address space. The Java Heap base address is the
#     maximum limit for the native heap growth. Please use -XX:HeapBaseMinAddress
#     to set the Java Heap base and to place the Java Heap above 4GB virtual address.
# This output file may be truncated or incomplete.
#
#  Out of Memory Error (arena.cpp:168), pid=11312, tid=21744
#
# JRE version: OpenJDK Runtime Environment Temurin-21.0.11+10 (21.0.11+10) (build 21.0.11+10-LTS)
# Java VM: OpenJDK 64-Bit Server VM Temurin-21.0.11+10 (21.0.11+10-LTS, mixed mode, sharing, tiered, compressed oops, compressed class ptrs, parallel gc, windows-amd64)
# No core dump will be written. Minidumps are not enabled by default on client versions of Windows
#

---------------  S U M M A R Y ------------

Command Line: --add-modules=ALL-SYSTEM --add-opens=java.base/java.util=ALL-UNNAMED --add-opens=java.base/java.lang=ALL-UNNAMED --add-opens=java.base/sun.nio.fs=ALL-UNNAMED -Declipse.application=org.eclipse.jdt.ls.core.id1 -Dosgi.bundles.defaultStartLevel=4 -Declipse.product=org.eclipse.jdt.ls.core.product -Djava.import.generatesMetadataFilesAtProjectRoot=false -DDetectVMInstallationsJob.disabled=true -Dfile.encoding=utf8 -XX:+UseParallelGC -XX:GCTimeRatio=4 -XX:AdaptiveSizePolicyWeight=90 -Dsun.zip.disableMemoryMapping=true -Xmx2G -Xms100m -Xlog:disable -javaagent:c:\Users\HP\.vscode\extensions\redhat.java-1.55.0-win32-x64\lombok\lombok-1.18.39-4050.jar -XX:+HeapDumpOnOutOfMemoryError -XX:HeapDumpPath=c:\Users\HP\AppData\Roaming\Code\User\workspaceStorage\3e826355c16ae9985447f765169b4c02\redhat.java -Daether.dependencyCollector.impl=bf c:\Users\HP\.vscode\extensions\redhat.java-1.55.0-win32-x64\server\plugins\org.eclipse.equinox.launcher_1.7.200.v20260619-2039.jar -configuration c:\Users\HP\AppData\Roaming\Code\User\globalStorage\redhat.java\1.55.0\config_win -data c:\Users\HP\AppData\Roaming\Code\User\workspaceStorage\3e826355c16ae9985447f765169b4c02\redhat.java\jdt_ws --pipe=\\.\pipe\lsp-e3ad9aa69bdc9dcf841bb92d0dd1238e-sock

Host: AMD Ryzen 5 5600H with Radeon Graphics         , 12 cores, 7G,  Windows 11 , 64 bit Build 26100 (10.0.26100.7920)
Time: Mon Aug  3 20:01:40 2026 India Standard Time elapsed time: 5.586921 seconds (0d 0h 0m 5s)

---------------  T H R E A D  ---------------

Current thread (0x00000295d88acd50):  JavaThread "C2 CompilerThread0" daemon [_thread_in_native, id=21744, stack(0x000000d5b1400000,0x000000d5b1500000) (1024K)]


Current CompileTask:
C2:5587 4026       4       org.lombokweb.asm.ClassReader::readMethod (1070 bytes)

Stack: [0x000000d5b1400000,0x000000d5b1500000]
Native frames: (J=compiled Java code, j=interpreted, Vv=VM code, C=native code)
V  [jvm.dll+0x6d7e19]
V  [jvm.dll+0x8b5096]
V  [jvm.dll+0x8b764e]
V  [jvm.dll+0x8b7d33]
V  [jvm.dll+0x284596]
V  [jvm.dll+0xc685d]
V  [jvm.dll+0xc6da1]
V  [jvm.dll+0x3bed6b]
V  [jvm.dll+0x38b2b2]
V  [jvm.dll+0x38a6fa]
V  [jvm.dll+0x24c700]
V  [jvm.dll+0x24bce0]
V  [jvm.dll+0x1cb4ae]
V  [jvm.dll+0x25baad]
V  [jvm.dll+0x25a03a]
V  [jvm.dll+0x3f868e]
V  [jvm.dll+0x85fb0d]
V  [jvm.dll+0x6d664d]
C  [ucrtbase.dll+0x37b0]
C  [KERNEL32.DLL+0x2e8d7]
C  [ntdll.dll+0x8c48c]


---------------  P R O C E S S  ---------------

Threads class SMR info:
_java_thread_list=0x00000295de9fa470, length=21, elements={
0x00000295ff24e1d0, 0x000002959633e100, 0x00000295ff2f6100, 0x00000295ff2fafa0,
0x00000295ff2fb630, 0x00000295ff2fbcc0, 0x00000295ff2fc350, 0x00000295d88acd50,
0x00000295d88a2b20, 0x00000295ff2fa280, 0x00000295ff2fc9e0, 0x00000295ff2fa910,
0x00000295ff2fd070, 0x00000295ff2f9bf0, 0x00000295de8bfff0, 0x00000295de8bec40,
0x00000295de8c0680, 0x00000295de8bd890, 0x00000295de8bd200, 0x00000295de8bdf20,
0x00000295de8bf2d0
}

Java Threads: ( => current thread )
  0x00000295ff24e1d0 JavaThread "main"                              [_thread_blocked, id=25696, stack(0x000000d5b0a00000,0x000000d5b0b00000) (1024K)]
  0x000002959633e100 JavaThread "Reference Handler"          daemon [_thread_blocked, id=23360, stack(0x000000d5b0e00000,0x000000d5b0f00000) (1024K)]
  0x00000295ff2f6100 JavaThread "Finalizer"                  daemon [_thread_blocked, id=9416, stack(0x000000d5b0f00000,0x000000d5b1000000) (1024K)]
  0x00000295ff2fafa0 JavaThread "Signal Dispatcher"          daemon [_thread_blocked, id=19296, stack(0x000000d5b1000000,0x000000d5b1100000) (1024K)]
  0x00000295ff2fb630 JavaThread "Attach Listener"            daemon [_thread_blocked, id=3704, stack(0x000000d5b1100000,0x000000d5b1200000) (1024K)]
  0x00000295ff2fbcc0 JavaThread "Service Thread"             daemon [_thread_blocked, id=10408, stack(0x000000d5b1200000,0x000000d5b1300000) (1024K)]
  0x00000295ff2fc350 JavaThread "Monitor Deflation Thread"   daemon [_thread_blocked, id=20152, stack(0x000000d5b1300000,0x000000d5b1400000) (1024K)]
=>0x00000295d88acd50 JavaThread "C2 CompilerThread0"         daemon [_thread_in_native, id=21744, stack(0x000000d5b1400000,0x000000d5b1500000) (1024K)]
  0x00000295d88a2b20 JavaThread "C1 CompilerThread0"         daemon [_thread_blocked, id=23728, stack(0x000000d5b1500000,0x000000d5b1600000) (1024K)]
  0x00000295ff2fa280 JavaThread "Common-Cleaner"             daemon [_thread_blocked, id=24308, stack(0x000000d5b1700000,0x000000d5b1800000) (1024K)]
  0x00000295ff2fc9e0 JavaThread "Notification Thread"        daemon [_thread_blocked, id=27624, stack(0x000000d5b1800000,0x000000d5b1900000) (1024K)]
  0x00000295ff2fa910 JavaThread "Active Thread: Equinox Container: cdac59a6-eba8-4f38-af7c-1b6fd1bfb4cf"        [_thread_blocked, id=10024, stack(0x000000d5b2000000,0x000000d5b2100000) (1024K)]
  0x00000295ff2fd070 JavaThread "Refresh Thread: Equinox Container: cdac59a6-eba8-4f38-af7c-1b6fd1bfb4cf" daemon [_thread_blocked, id=4064, stack(0x000000d5b2200000,0x000000d5b2300000) (1024K)]
  0x00000295ff2f9bf0 JavaThread "Framework Event Dispatcher: Equinox Container: cdac59a6-eba8-4f38-af7c-1b6fd1bfb4cf" daemon [_thread_blocked, id=18028, stack(0x000000d5b2300000,0x000000d5b2400000) (1024K)]
  0x00000295de8bfff0 JavaThread "Start Level: Equinox Container: cdac59a6-eba8-4f38-af7c-1b6fd1bfb4cf" daemon [_thread_in_native, id=26776, stack(0x000000d5b2400000,0x000000d5b2500000) (1024K)]
  0x00000295de8bec40 JavaThread "Bundle File Closer"         daemon [_thread_blocked, id=25800, stack(0x000000d5b2700000,0x000000d5b2800000) (1024K)]
  0x00000295de8c0680 JavaThread "SCR Component Actor"        daemon [_thread_blocked, id=23780, stack(0x000000d5b1600000,0x000000d5b1700000) (1024K)]
  0x00000295de8bd890 JavaThread "Worker-JM"                         [_thread_blocked, id=7148, stack(0x000000d5b2800000,0x000000d5b2900000) (1024K)]
  0x00000295de8bd200 JavaThread "JNA Cleaner"                daemon [_thread_blocked, id=24132, stack(0x000000d5b1900000,0x000000d5b1a00000) (1024K)]
  0x00000295de8bdf20 JavaThread "Worker-0"                          [_thread_blocked, id=7948, stack(0x000000d5b2900000,0x000000d5b2a00000) (1024K)]
  0x00000295de8bf2d0 JavaThread "Worker-1"                          [_thread_blocked, id=17268, stack(0x000000d5b2a00000,0x000000d5b2b00000) (1024K)]
Total: 21

Other Threads:
  0x00000295ff2f08a0 VMThread "VM Thread"                           [id=21056, stack(0x000000d5b0d00000,0x000000d5b0e00000) (1024K)]
  0x000002959621ca10 WatcherThread "VM Periodic Task Thread"        [id=19292, stack(0x000000d5b0c00000,0x000000d5b0d00000) (1024K)]
  0x00000295ff26c5a0 WorkerThread "GC Thread#0"                     [id=8664, stack(0x000000d5b0b00000,0x000000d5b0c00000) (1024K)]
  0x00000295de44dd90 WorkerThread "GC Thread#1"                     [id=4776, stack(0x000000d5b1a00000,0x000000d5b1b00000) (1024K)]
  0x00000295de69e540 WorkerThread "GC Thread#2"                     [id=4884, stack(0x000000d5b1b00000,0x000000d5b1c00000) (1024K)]
  0x00000295de69e8f0 WorkerThread "GC Thread#3"                     [id=25500, stack(0x000000d5b1c00000,0x000000d5b1d00000) (1024K)]
  0x00000295de9b3470 WorkerThread "GC Thread#4"                     [id=17032, stack(0x000000d5b1d00000,0x000000d5b1e00000) (1024K)]
  0x00000295de9b3820 WorkerThread "GC Thread#5"                     [id=11648, stack(0x000000d5b1e00000,0x000000d5b1f00000) (1024K)]
  0x00000295de9b3bd0 WorkerThread "GC Thread#6"                     [id=21152, stack(0x000000d5b1f00000,0x000000d5b2000000) (1024K)]
  0x00000295de8573d0 WorkerThread "GC Thread#7"                     [id=26336, stack(0x000000d5b2100000,0x000000d5b2200000) (1024K)]
  0x00000295defb7e00 WorkerThread "GC Thread#8"                     [id=25176, stack(0x000000d5b2500000,0x000000d5b2600000) (1024K)]
  0x00000295defb81b0 WorkerThread "GC Thread#9"                     [id=24500, stack(0x000000d5b2600000,0x000000d5b2700000) (1024K)]
Total: 12

Threads with active compile tasks:
C2 CompilerThread0  5614 4026       4       org.lombokweb.asm.ClassReader::readMethod (1070 bytes)
Total: 1

VM state: not at safepoint (normal execution)

VM Mutex/Monitor currently owned by a thread: None

Heap address: 0x0000000080000000, size: 2048 MB, Compressed Oops mode: 32-bit

CDS archive(s) mapped at: [0x0000029597000000-0x0000029597ba0000-0x0000029597ba0000), size 12189696, SharedBaseAddress: 0x0000029597000000, ArchiveRelocationMode: 1.
Compressed class space mapped at: 0x0000029598000000-0x00000295d8000000, reserved size: 1073741824
Narrow klass base: 0x0000029597000000, Narrow klass shift: 0, Narrow klass range: 0x100000000

GC Precious Log:
 CardTable entry size: 512
 CPUs: 12 total, 12 available
 Memory: 7518M
 Large Page Support: Disabled
 NUMA Support: Disabled
 Compressed Oops: Enabled (32-bit)
 Alignments: Space 512K, Generation 512K, Heap 2M
 Heap Min Capacity: 100M
 Heap Initial Capacity: 100M
 Heap Max Capacity: 2G
 Pre-touch: Disabled
 Parallel Workers: 10

Heap:
 PSYoungGen      total 24064K, used 21876K [0x00000000d5580000, 0x00000000d7180000, 0x0000000100000000)
  eden space 21504K, 90% used [0x00000000d5580000,0x00000000d6871420,0x00000000d6a80000)
  from space 2560K, 96% used [0x00000000d6f00000,0x00000000d716be70,0x00000000d7180000)
  to   space 3072K, 0% used [0x00000000d6b80000,0x00000000d6b80000,0x00000000d6e80000)
 ParOldGen       total 68608K, used 17484K [0x0000000080000000, 0x0000000084300000, 0x00000000d5580000)
  object space 68608K, 25% used [0x0000000080000000,0x0000000081113268,0x0000000084300000)
 Metaspace       used 26981K, committed 27776K, reserved 1114112K
  class space    used 2642K, committed 3008K, reserved 1048576K

Card table byte_map: [0x00000295febf0000,0x00000295ff000000] _byte_map_base: 0x00000295fe7f0000

Marking Bits: (ParMarkBitMap*) 0x00007ffa85ce4460
 Begin Bits: [0x0000029592140000, 0x0000029594140000)
 End Bits:   [0x0000029594140000, 0x0000029596140000)

Polling page: 0x00000295fd200000

Metaspace:

Usage:
  Non-class:     23.77 MB used.
      Class:      2.58 MB used.
       Both:     26.35 MB used.

Virtual space:
  Non-class space:       64.00 MB reserved,      24.19 MB ( 38%) committed,  1 nodes.
      Class space:        1.00 GB reserved,       2.94 MB ( <1%) committed,  1 nodes.
             Both:        1.06 GB reserved,      27.12 MB (  2%) committed. 

Chunk freelists:
   Non-Class:  7.77 MB
       Class:  12.96 MB
        Both:  20.73 MB

MaxMetaspaceSize: unlimited
CompressedClassSpaceSize: 1.00 GB
Initial GC threshold: 21.00 MB
Current GC threshold: 35.00 MB
CDS: on
 - commit_granule_bytes: 65536.
 - commit_granule_words: 8192.
 - virtual_space_node_default_size: 8388608.
 - enlarge_chunks_in_place: 1.
 - use_allocation_guard: 0.


Internal statistics:

num_allocs_failed_limit: 3.
num_arena_births: 628.
num_arena_deaths: 14.
num_vsnodes_births: 2.
num_vsnodes_deaths: 0.
num_space_committed: 434.
num_space_uncommitted: 0.
num_chunks_returned_to_freelist: 17.
num_chunks_taken_from_freelist: 1705.
num_chunk_merges: 8.
num_chunk_splits: 1112.
num_chunks_enlarged: 726.
num_inconsistent_stats: 0.

CodeHeap 'non-profiled nmethods': size=120000Kb used=1865Kb max_used=1865Kb free=118134Kb
 bounds [0x000002958ac10000, 0x000002958ae80000, 0x0000029592140000]
CodeHeap 'profiled nmethods': size=120000Kb used=8541Kb max_used=8541Kb free=111458Kb
 bounds [0x0000029583140000, 0x00000295839a0000, 0x000002958a670000]
CodeHeap 'non-nmethods': size=5760Kb used=1332Kb max_used=1332Kb free=4427Kb
 bounds [0x000002958a670000, 0x000002958a8e0000, 0x000002958ac10000]
CodeCache: size=245760Kb, used=11738Kb, max_used=11738Kb, free=234019Kb
 total_blobs=4699, nmethods=4076, adapters=529, full_count=0
Compilation: enabled, stopped_count=0, restarted_count=0

Compilation events (20 events):
Event: 5.529 Thread 0x00000295d88a2b20 4072       3       org.eclipse.core.internal.preferences.DefaultPreferences::getLoadLevel (52 bytes)
Event: 5.530 Thread 0x00000295d88a2b20 nmethod 4072 0x0000029583991610 code [0x0000029583991800, 0x0000029583991e50]
Event: 5.530 Thread 0x00000295d88a2b20 4069       3       org.eclipse.core.internal.preferences.PreferencesService::getDefault (20 bytes)
Event: 5.530 Thread 0x00000295d88a2b20 nmethod 4069 0x0000029583992090 code [0x0000029583992240, 0x0000029583992438]
Event: 5.531 Thread 0x00000295d88a2b20 4073       3       org.eclipse.core.internal.resources.Resource::getFlags (13 bytes)
Event: 5.531 Thread 0x00000295d88a2b20 nmethod 4073 0x0000029583992510 code [0x00000295839926c0, 0x00000295839928d8]
Event: 5.535 Thread 0x00000295d88a2b20 4074       3       org.eclipse.jdt.internal.core.JavaModelManager$VariablesAndContainersLoadHelper::loadInt (8 bytes)
Event: 5.536 Thread 0x00000295d88a2b20 nmethod 4074 0x0000029583992990 code [0x0000029583992ba0, 0x0000029583993220]
Event: 5.536 Thread 0x00000295d88a2b20 4075       3       org.eclipse.jdt.internal.core.JavaModelManager$VariablesAndContainersLoadHelper::loadBoolean (8 bytes)
Event: 5.536 Thread 0x00000295d88a2b20 nmethod 4075 0x0000029583993510 code [0x00000295839936e0, 0x0000029583993aa8]
Event: 5.536 Thread 0x00000295d88a2b20 4078       3       org.eclipse.jdt.internal.core.JavaModelManager$VariablesAndContainersLoadHelper::loadPath (51 bytes)
Event: 5.536 Thread 0x00000295d88a2b20 nmethod 4078 0x0000029583993c10 code [0x0000029583993e60, 0x0000029583994728]
Event: 5.536 Thread 0x00000295d88a2b20 4076       3       org.eclipse.jdt.internal.core.JavaModelManager$VariablesAndContainersLoadHelper::loadString (108 bytes)
Event: 5.537 Thread 0x00000295d88a2b20 nmethod 4076 0x0000029583994a10 code [0x0000029583994ca0, 0x00000295839959c8]
Event: 5.537 Thread 0x00000295d88a2b20 4077       1       org.eclipse.jdt.internal.core.ClasspathAttribute::getName (5 bytes)
Event: 5.537 Thread 0x00000295d88a2b20 nmethod 4077 0x000002958ade1e10 code [0x000002958ade1fa0, 0x000002958ade2068]
Event: 5.537 Thread 0x00000295d88a2b20 4079       3       java.lang.Boolean::valueOf (17 bytes)
Event: 5.537 Thread 0x00000295d88a2b20 nmethod 4079 0x0000029583995f10 code [0x00000295839960e0, 0x00000295839962e8]
Event: 5.537 Thread 0x00000295d88a2b20 4080  s    3       org.eclipse.core.internal.registry.RegistryObjectManager::add (49 bytes)
Event: 5.537 Thread 0x00000295d88a2b20 nmethod 4080 0x0000029583996390 code [0x0000029583996560, 0x0000029583996aa0]

GC Heap History (20 events):
Event: 0.980 GC heap before
{Heap before GC invocations=2 (full 0):
 PSYoungGen      total 29696K, used 28903K [0x00000000d5580000, 0x00000000d7680000, 0x0000000100000000)
  eden space 25600K, 100% used [0x00000000d5580000,0x00000000d6e80000,0x00000000d6e80000)
  from space 4096K, 80% used [0x00000000d6e80000,0x00000000d71b9e98,0x00000000d7280000)
  to   space 4096K, 0% used [0x00000000d7280000,0x00000000d7280000,0x00000000d7680000)
 ParOldGen       total 68608K, used 8K [0x0000000080000000, 0x0000000084300000, 0x00000000d5580000)
  object space 68608K, 0% used [0x0000000080000000,0x0000000080002000,0x0000000084300000)
 Metaspace       used 7956K, committed 8256K, reserved 1114112K
  class space    used 833K, committed 960K, reserved 1048576K
}
Event: 0.986 GC heap after
{Heap after GC invocations=2 (full 0):
 PSYoungGen      total 29696K, used 4070K [0x00000000d5580000, 0x00000000d7680000, 0x0000000100000000)
  eden space 25600K, 0% used [0x00000000d5580000,0x00000000d5580000,0x00000000d6e80000)
  from space 4096K, 99% used [0x00000000d7280000,0x00000000d7679800,0x00000000d7680000)
  to   space 4096K, 0% used [0x00000000d6e80000,0x00000000d6e80000,0x00000000d7280000)
 ParOldGen       total 68608K, used 1960K [0x0000000080000000, 0x0000000084300000, 0x00000000d5580000)
  object space 68608K, 2% used [0x0000000080000000,0x00000000801ea320,0x0000000084300000)
 Metaspace       used 7956K, committed 8256K, reserved 1114112K
  class space    used 833K, committed 960K, reserved 1048576K
}
Event: 1.221 GC heap before
{Heap before GC invocations=3 (full 0):
 PSYoungGen      total 29696K, used 29550K [0x00000000d5580000, 0x00000000d7680000, 0x0000000100000000)
  eden space 25600K, 99% used [0x00000000d5580000,0x00000000d6e62200,0x00000000d6e80000)
  from space 4096K, 99% used [0x00000000d7280000,0x00000000d7679800,0x00000000d7680000)
  to   space 4096K, 0% used [0x00000000d6e80000,0x00000000d6e80000,0x00000000d7280000)
 ParOldGen       total 68608K, used 1960K [0x0000000080000000, 0x0000000084300000, 0x00000000d5580000)
  object space 68608K, 2% used [0x0000000080000000,0x00000000801ea320,0x0000000084300000)
 Metaspace       used 9429K, committed 9728K, reserved 1114112K
  class space    used 1012K, committed 1152K, reserved 1048576K
}
Event: 1.225 GC heap after
{Heap after GC invocations=3 (full 0):
 PSYoungGen      total 29696K, used 4088K [0x00000000d5580000, 0x00000000d7680000, 0x0000000100000000)
  eden space 25600K, 0% used [0x00000000d5580000,0x00000000d5580000,0x00000000d6e80000)
  from space 4096K, 99% used [0x00000000d6e80000,0x00000000d727e0a8,0x00000000d7280000)
  to   space 4096K, 0% used [0x00000000d7280000,0x00000000d7280000,0x00000000d7680000)
 ParOldGen       total 68608K, used 4690K [0x0000000080000000, 0x0000000084300000, 0x00000000d5580000)
  object space 68608K, 6% used [0x0000000080000000,0x0000000080494948,0x0000000084300000)
 Metaspace       used 9429K, committed 9728K, reserved 1114112K
  class space    used 1012K, committed 1152K, reserved 1048576K
}
Event: 3.411 GC heap before
{Heap before GC invocations=4 (full 0):
 PSYoungGen      total 29696K, used 29688K [0x00000000d5580000, 0x00000000d7680000, 0x0000000100000000)
  eden space 25600K, 100% used [0x00000000d5580000,0x00000000d6e80000,0x00000000d6e80000)
  from space 4096K, 99% used [0x00000000d6e80000,0x00000000d727e0a8,0x00000000d7280000)
  to   space 4096K, 0% used [0x00000000d7280000,0x00000000d7280000,0x00000000d7680000)
 ParOldGen       total 68608K, used 4690K [0x0000000080000000, 0x0000000084300000, 0x00000000d5580000)
  object space 68608K, 6% used [0x0000000080000000,0x0000000080494948,0x0000000084300000)
 Metaspace       used 11600K, committed 11968K, reserved 1114112K
  class space    used 1231K, committed 1408K, reserved 1048576K
}
Event: 3.415 GC heap after
{Heap after GC invocations=4 (full 0):
 PSYoungGen      total 29696K, used 4080K [0x00000000d5580000, 0x00000000d7680000, 0x0000000100000000)
  eden space 25600K, 0% used [0x00000000d5580000,0x00000000d5580000,0x00000000d6e80000)
  from space 4096K, 99% used [0x00000000d7280000,0x00000000d767c1d0,0x00000000d7680000)
  to   space 4096K, 0% used [0x00000000d6e80000,0x00000000d6e80000,0x00000000d7280000)
 ParOldGen       total 68608K, used 6652K [0x0000000080000000, 0x0000000084300000, 0x00000000d5580000)
  object space 68608K, 9% used [0x0000000080000000,0x000000008067f050,0x0000000084300000)
 Metaspace       used 11600K, committed 11968K, reserved 1114112K
  class space    used 1231K, committed 1408K, reserved 1048576K
}
Event: 3.792 GC heap before
{Heap before GC invocations=5 (full 0):
 PSYoungGen      total 29696K, used 29680K [0x00000000d5580000, 0x00000000d7680000, 0x0000000100000000)
  eden space 25600K, 100% used [0x00000000d5580000,0x00000000d6e80000,0x00000000d6e80000)
  from space 4096K, 99% used [0x00000000d7280000,0x00000000d767c1d0,0x00000000d7680000)
  to   space 4096K, 0% used [0x00000000d6e80000,0x00000000d6e80000,0x00000000d7280000)
 ParOldGen       total 68608K, used 6652K [0x0000000080000000, 0x0000000084300000, 0x00000000d5580000)
  object space 68608K, 9% used [0x0000000080000000,0x000000008067f050,0x0000000084300000)
 Metaspace       used 15483K, committed 16064K, reserved 1114112K
  class space    used 1615K, committed 1856K, reserved 1048576K
}
Event: 3.795 GC heap after
{Heap after GC invocations=5 (full 0):
 PSYoungGen      total 29184K, used 4093K [0x00000000d5580000, 0x00000000d7a00000, 0x0000000100000000)
  eden space 25088K, 0% used [0x00000000d5580000,0x00000000d5580000,0x00000000d6e00000)
  from space 4096K, 99% used [0x00000000d6e80000,0x00000000d727f508,0x00000000d7280000)
  to   space 6144K, 0% used [0x00000000d7400000,0x00000000d7400000,0x00000000d7a00000)
 ParOldGen       total 68608K, used 8188K [0x0000000080000000, 0x0000000084300000, 0x00000000d5580000)
  object space 68608K, 11% used [0x0000000080000000,0x00000000807ff070,0x0000000084300000)
 Metaspace       used 15483K, committed 16064K, reserved 1114112K
  class space    used 1615K, committed 1856K, reserved 1048576K
}
Event: 4.373 GC heap before
{Heap before GC invocations=6 (full 0):
 PSYoungGen      total 29184K, used 29181K [0x00000000d5580000, 0x00000000d7a00000, 0x0000000100000000)
  eden space 25088K, 100% used [0x00000000d5580000,0x00000000d6e00000,0x00000000d6e00000)
  from space 4096K, 99% used [0x00000000d6e80000,0x00000000d727f508,0x00000000d7280000)
  to   space 6144K, 0% used [0x00000000d7400000,0x00000000d7400000,0x00000000d7a00000)
 ParOldGen       total 68608K, used 8188K [0x0000000080000000, 0x0000000084300000, 0x00000000d5580000)
  object space 68608K, 11% used [0x0000000080000000,0x00000000807ff070,0x0000000084300000)
 Metaspace       used 17988K, committed 18752K, reserved 1114112K
  class space    used 1886K, committed 2176K, reserved 1048576K
}
Event: 4.378 GC heap after
{Heap after GC invocations=6 (full 0):
 PSYoungGen      total 27648K, used 6130K [0x00000000d5580000, 0x00000000d8080000, 0x0000000100000000)
  eden space 21504K, 0% used [0x00000000d5580000,0x00000000d5580000,0x00000000d6a80000)
  from space 6144K, 99% used [0x00000000d7400000,0x00000000d79fc8e0,0x00000000d7a00000)
  to   space 9728K, 0% used [0x00000000d6a80000,0x00000000d6a80000,0x00000000d7400000)
 ParOldGen       total 68608K, used 10924K [0x0000000080000000, 0x0000000084300000, 0x00000000d5580000)
  object space 68608K, 15% used [0x0000000080000000,0x0000000080aab070,0x0000000084300000)
 Metaspace       used 17988K, committed 18752K, reserved 1114112K
  class space    used 1886K, committed 2176K, reserved 1048576K
}
Event: 4.674 GC heap before
{Heap before GC invocations=7 (full 0):
 PSYoungGen      total 27648K, used 27634K [0x00000000d5580000, 0x00000000d8080000, 0x0000000100000000)
  eden space 21504K, 100% used [0x00000000d5580000,0x00000000d6a80000,0x00000000d6a80000)
  from space 6144K, 99% used [0x00000000d7400000,0x00000000d79fc8e0,0x00000000d7a00000)
  to   space 9728K, 0% used [0x00000000d6a80000,0x00000000d6a80000,0x00000000d7400000)
 ParOldGen       total 68608K, used 10924K [0x0000000080000000, 0x0000000084300000, 0x00000000d5580000)
  object space 68608K, 15% used [0x0000000080000000,0x0000000080aab070,0x0000000084300000)
 Metaspace       used 19568K, committed 20352K, reserved 1114112K
  class space    used 2056K, committed 2368K, reserved 1048576K
}
Event: 4.679 GC heap after
{Heap after GC invocations=7 (full 0):
 PSYoungGen      total 27136K, used 5494K [0x00000000d5580000, 0x00000000d7880000, 0x0000000100000000)
  eden space 21504K, 0% used [0x00000000d5580000,0x00000000d5580000,0x00000000d6a80000)
  from space 5632K, 97% used [0x00000000d6a80000,0x00000000d6fdda18,0x00000000d7000000)
  to   space 7168K, 0% used [0x00000000d7180000,0x00000000d7180000,0x00000000d7880000)
 ParOldGen       total 68608K, used 12511K [0x0000000080000000, 0x0000000084300000, 0x00000000d5580000)
  object space 68608K, 18% used [0x0000000080000000,0x0000000080c37d30,0x0000000084300000)
 Metaspace       used 19568K, committed 20352K, reserved 1114112K
  class space    used 2056K, committed 2368K, reserved 1048576K
}
Event: 4.883 GC heap before
{Heap before GC invocations=8 (full 0):
 PSYoungGen      total 27136K, used 14101K [0x00000000d5580000, 0x00000000d7880000, 0x0000000100000000)
  eden space 21504K, 40% used [0x00000000d5580000,0x00000000d5de7bc0,0x00000000d6a80000)
  from space 5632K, 97% used [0x00000000d6a80000,0x00000000d6fdda18,0x00000000d7000000)
  to   space 7168K, 0% used [0x00000000d7180000,0x00000000d7180000,0x00000000d7880000)
 ParOldGen       total 68608K, used 12511K [0x0000000080000000, 0x0000000084300000, 0x00000000d5580000)
  object space 68608K, 18% used [0x0000000080000000,0x0000000080c37d30,0x0000000084300000)
 Metaspace       used 20695K, committed 21504K, reserved 1114112K
  class space    used 2189K, committed 2560K, reserved 1048576K
}
Event: 4.887 GC heap after
{Heap after GC invocations=8 (full 0):
 PSYoungGen      total 26624K, used 5039K [0x00000000d5580000, 0x00000000d7680000, 0x0000000100000000)
  eden space 21504K, 0% used [0x00000000d5580000,0x00000000d5580000,0x00000000d6a80000)
  from space 5120K, 98% used [0x00000000d7180000,0x00000000d766bd70,0x00000000d7680000)
  to   space 5632K, 0% used [0x00000000d6b80000,0x00000000d6b80000,0x00000000d7100000)
 ParOldGen       total 68608K, used 13502K [0x0000000080000000, 0x0000000084300000, 0x00000000d5580000)
  object space 68608K, 19% used [0x0000000080000000,0x0000000080d2fac8,0x0000000084300000)
 Metaspace       used 20695K, committed 21504K, reserved 1114112K
  class space    used 2189K, committed 2560K, reserved 1048576K
}
Event: 4.887 GC heap before
{Heap before GC invocations=9 (full 1):
 PSYoungGen      total 26624K, used 5039K [0x00000000d5580000, 0x00000000d7680000, 0x0000000100000000)
  eden space 21504K, 0% used [0x00000000d5580000,0x00000000d5580000,0x00000000d6a80000)
  from space 5120K, 98% used [0x00000000d7180000,0x00000000d766bd70,0x00000000d7680000)
  to   space 5632K, 0% used [0x00000000d6b80000,0x00000000d6b80000,0x00000000d7100000)
 ParOldGen       total 68608K, used 13502K [0x0000000080000000, 0x0000000084300000, 0x00000000d5580000)
  object space 68608K, 19% used [0x0000000080000000,0x0000000080d2fac8,0x0000000084300000)
 Metaspace       used 20695K, committed 21504K, reserved 1114112K
  class space    used 2189K, committed 2560K, reserved 1048576K
}
Event: 4.925 GC heap after
{Heap after GC invocations=9 (full 1):
 PSYoungGen      total 26624K, used 0K [0x00000000d5580000, 0x00000000d7680000, 0x0000000100000000)
  eden space 21504K, 0% used [0x00000000d5580000,0x00000000d5580000,0x00000000d6a80000)
  from space 5120K, 0% used [0x00000000d7180000,0x00000000d7180000,0x00000000d7680000)
  to   space 5632K, 0% used [0x00000000d6b80000,0x00000000d6b80000,0x00000000d7100000)
 ParOldGen       total 68608K, used 17476K [0x0000000080000000, 0x0000000084300000, 0x00000000d5580000)
  object space 68608K, 25% used [0x0000000080000000,0x0000000081111268,0x0000000084300000)
 Metaspace       used 20683K, committed 21504K, reserved 1114112K
  class space    used 2185K, committed 2560K, reserved 1048576K
}
Event: 5.274 GC heap before
{Heap before GC invocations=10 (full 1):
 PSYoungGen      total 26624K, used 21504K [0x00000000d5580000, 0x00000000d7680000, 0x0000000100000000)
  eden space 21504K, 100% used [0x00000000d5580000,0x00000000d6a80000,0x00000000d6a80000)
  from space 5120K, 0% used [0x00000000d7180000,0x00000000d7180000,0x00000000d7680000)
  to   space 5632K, 0% used [0x00000000d6b80000,0x00000000d6b80000,0x00000000d7100000)
 ParOldGen       total 68608K, used 17476K [0x0000000080000000, 0x0000000084300000, 0x00000000d5580000)
  object space 68608K, 25% used [0x0000000080000000,0x0000000081111268,0x0000000084300000)
 Metaspace       used 22262K, committed 23040K, reserved 1114112K
  class space    used 2308K, committed 2688K, reserved 1048576K
}
Event: 5.276 GC heap after
{Heap after GC invocations=10 (full 1):
 PSYoungGen      total 25088K, used 3201K [0x00000000d5580000, 0x00000000d7280000, 0x0000000100000000)
  eden space 21504K, 0% used [0x00000000d5580000,0x00000000d5580000,0x00000000d6a80000)
  from space 3584K, 89% used [0x00000000d6b80000,0x00000000d6ea0670,0x00000000d6f00000)
  to   space 3584K, 0% used [0x00000000d6f00000,0x00000000d6f00000,0x00000000d7280000)
 ParOldGen       total 68608K, used 17484K [0x0000000080000000, 0x0000000084300000, 0x00000000d5580000)
  object space 68608K, 25% used [0x0000000080000000,0x0000000081113268,0x0000000084300000)
 Metaspace       used 22262K, committed 23040K, reserved 1114112K
  class space    used 2308K, committed 2688K, reserved 1048576K
}
Event: 5.462 GC heap before
{Heap before GC invocations=11 (full 1):
 PSYoungGen      total 25088K, used 24703K [0x00000000d5580000, 0x00000000d7280000, 0x0000000100000000)
  eden space 21504K, 99% used [0x00000000d5580000,0x00000000d6a7f650,0x00000000d6a80000)
  from space 3584K, 89% used [0x00000000d6b80000,0x00000000d6ea0670,0x00000000d6f00000)
  to   space 3584K, 0% used [0x00000000d6f00000,0x00000000d6f00000,0x00000000d7280000)
 ParOldGen       total 68608K, used 17484K [0x0000000080000000, 0x0000000084300000, 0x00000000d5580000)
  object space 68608K, 25% used [0x0000000080000000,0x0000000081113268,0x0000000084300000)
 Metaspace       used 25563K, committed 26368K, reserved 1114112K
  class space    used 2554K, committed 2944K, reserved 1048576K
}
Event: 5.463 GC heap after
{Heap after GC invocations=11 (full 1):
 PSYoungGen      total 24064K, used 2479K [0x00000000d5580000, 0x00000000d7180000, 0x0000000100000000)
  eden space 21504K, 0% used [0x00000000d5580000,0x00000000d5580000,0x00000000d6a80000)
  from space 2560K, 96% used [0x00000000d6f00000,0x00000000d716be70,0x00000000d7180000)
  to   space 3072K, 0% used [0x00000000d6b80000,0x00000000d6b80000,0x00000000d6e80000)
 ParOldGen       total 68608K, used 17484K [0x0000000080000000, 0x0000000084300000, 0x00000000d5580000)
  object space 68608K, 25% used [0x0000000080000000,0x0000000081113268,0x0000000084300000)
 Metaspace       used 25563K, committed 26368K, reserved 1114112K
  class space    used 2554K, committed 2944K, reserved 1048576K
}

Dll operation events (10 events):
Event: 0.009 Loaded shared library c:\Users\HP\.vscode\extensions\redhat.java-1.55.0-win32-x64\jre\21.0.11-win32-x86_64\bin\java.dll
Event: 0.057 Loaded shared library c:\Users\HP\.vscode\extensions\redhat.java-1.55.0-win32-x64\jre\21.0.11-win32-x86_64\bin\zip.dll
Event: 0.072 Loaded shared library C:\Users\HP\.vscode\extensions\redhat.java-1.55.0-win32-x64\jre\21.0.11-win32-x86_64\bin\instrument.dll
Event: 0.075 Loaded shared library C:\Users\HP\.vscode\extensions\redhat.java-1.55.0-win32-x64\jre\21.0.11-win32-x86_64\bin\net.dll
Event: 0.077 Loaded shared library C:\Users\HP\.vscode\extensions\redhat.java-1.55.0-win32-x64\jre\21.0.11-win32-x86_64\bin\nio.dll
Event: 0.079 Loaded shared library C:\Users\HP\.vscode\extensions\redhat.java-1.55.0-win32-x64\jre\21.0.11-win32-x86_64\bin\zip.dll
Event: 0.092 Loaded shared library C:\Users\HP\.vscode\extensions\redhat.java-1.55.0-win32-x64\jre\21.0.11-win32-x86_64\bin\jimage.dll
Event: 0.145 Loaded shared library c:\Users\HP\.vscode\extensions\redhat.java-1.55.0-win32-x64\jre\21.0.11-win32-x86_64\bin\verify.dll
Event: 1.011 Loaded shared library C:\Users\HP\AppData\Roaming\Code\User\globalStorage\redhat.java\1.55.0\config_win\org.eclipse.equinox.launcher\org.eclipse.equinox.launcher.win32.win32.x86_64_1.3.100.v20260613-0559\eclipse_11924.dll
Event: 4.001 Loaded shared library C:\Users\HP\AppData\Local\Temp\jna-2312\jna13082960022363121968.dll

Deoptimization events (20 events):
Event: 4.670 Thread 0x00000295de8bfff0 Uncommon trap: trap_request=0xffffff45 fr.pc=0x000002958ac375e4 relative=0x0000000000000404
Event: 4.670 Thread 0x00000295de8bfff0 Uncommon trap: reason=unstable_if action=reinterpret pc=0x000002958ac375e4 method=java.lang.AbstractStringBuilder.isLatin1()Z @ 10 c2
Event: 4.670 Thread 0x00000295de8bfff0 DEOPT PACKING pc=0x000002958ac375e4 sp=0x000000d5b24f3010
Event: 4.670 Thread 0x00000295de8bfff0 DEOPT UNPACKING pc=0x000002958a6c3aa2 sp=0x000000d5b24f2fa0 mode 2
Event: 4.670 Thread 0x00000295de8bfff0 Uncommon trap: trap_request=0xffffff45 fr.pc=0x000002958ac4f48c relative=0x000000000000006c
Event: 4.670 Thread 0x00000295de8bfff0 Uncommon trap: reason=unstable_if action=reinterpret pc=0x000002958ac4f48c method=java.lang.AbstractStringBuilder.isLatin1()Z @ 10 c2
Event: 4.670 Thread 0x00000295de8bfff0 DEOPT PACKING pc=0x000002958ac4f48c sp=0x000000d5b24f3010
Event: 4.670 Thread 0x00000295de8bfff0 DEOPT UNPACKING pc=0x000002958a6c3aa2 sp=0x000000d5b24f2fa0 mode 2
Event: 5.037 Thread 0x00000295de8bfff0 Uncommon trap: trap_request=0xffffff45 fr.pc=0x000002958adac514 relative=0x0000000000000074
Event: 5.037 Thread 0x00000295de8bfff0 Uncommon trap: reason=unstable_if action=reinterpret pc=0x000002958adac514 method=java.lang.invoke.LambdaForm$BasicType.basicType(C)Ljava/lang/invoke/LambdaForm$BasicType; @ 1 c2
Event: 5.037 Thread 0x00000295de8bfff0 DEOPT PACKING pc=0x000002958adac514 sp=0x000000d5b24f83a0
Event: 5.038 Thread 0x00000295de8bfff0 DEOPT UNPACKING pc=0x000002958a6c3aa2 sp=0x000000d5b24f8338 mode 2
Event: 5.038 Thread 0x00000295de8bfff0 Uncommon trap: trap_request=0xffffff45 fr.pc=0x000002958ad5c740 relative=0x0000000000000b00
Event: 5.038 Thread 0x00000295de8bfff0 Uncommon trap: reason=unstable_if action=reinterpret pc=0x000002958ad5c740 method=jdk.internal.org.objectweb.asm.Frame.execute(IILjdk/internal/org/objectweb/asm/Symbol;Ljdk/internal/org/objectweb/asm/SymbolTable;)V @ 1 c2
Event: 5.038 Thread 0x00000295de8bfff0 DEOPT PACKING pc=0x000002958ad5c740 sp=0x000000d5b24f8110
Event: 5.038 Thread 0x00000295de8bfff0 DEOPT UNPACKING pc=0x000002958a6c3aa2 sp=0x000000d5b24f8098 mode 2
Event: 5.438 Thread 0x00000295de8bfff0 Uncommon trap: trap_request=0xffffff45 fr.pc=0x000002958ade156c relative=0x000000000000014c
Event: 5.438 Thread 0x00000295de8bfff0 Uncommon trap: reason=unstable_if action=reinterpret pc=0x000002958ade156c method=org.lombokweb.asm.ByteVector.putByteArray([BII)Lorg/lombokweb/asm/ByteVector; @ 20 c2
Event: 5.438 Thread 0x00000295de8bfff0 DEOPT PACKING pc=0x000002958ade156c sp=0x000000d5b24f29e0
Event: 5.438 Thread 0x00000295de8bfff0 DEOPT UNPACKING pc=0x000002958a6c3aa2 sp=0x000000d5b24f29b0 mode 2

Classes loaded (20 events):
Event: 5.122 Loading class java/io/StringReader
Event: 5.122 Loading class java/io/StringReader done
Event: 5.130 Loading class java/net/SocketTimeoutException
Event: 5.130 Loading class java/io/InterruptedIOException
Event: 5.130 Loading class java/io/InterruptedIOException done
Event: 5.130 Loading class java/net/SocketTimeoutException done
Event: 5.130 Loading class java/net/SocketException
Event: 5.130 Loading class java/net/SocketException done
Event: 5.130 Loading class java/net/UnknownHostException
Event: 5.131 Loading class java/net/UnknownHostException done
Event: 5.131 Loading class java/net/ProtocolException
Event: 5.131 Loading class java/net/ProtocolException done
Event: 5.177 Loading class java/lang/ThreadLocal$SuppliedThreadLocal
Event: 5.177 Loading class java/lang/ThreadLocal$SuppliedThreadLocal done
Event: 5.294 Loading class java/io/FileWriter
Event: 5.294 Loading class java/io/FileWriter done
Event: 5.294 Loading class java/lang/NegativeArraySizeException
Event: 5.295 Loading class java/lang/NegativeArraySizeException done
Event: 5.533 Loading class org/w3c/dom/DOMException
Event: 5.533 Loading class org/w3c/dom/DOMException done

Classes unloaded (7 events):
Event: 4.892 Thread 0x00000295ff2f08a0 Unloading class 0x00000295981a5000 'java/lang/invoke/LambdaForm$MH+0x00000295981a5000'
Event: 4.892 Thread 0x00000295ff2f08a0 Unloading class 0x00000295981a4c00 'java/lang/invoke/LambdaForm$MH+0x00000295981a4c00'
Event: 4.892 Thread 0x00000295ff2f08a0 Unloading class 0x00000295981a4800 'java/lang/invoke/LambdaForm$MH+0x00000295981a4800'
Event: 4.892 Thread 0x00000295ff2f08a0 Unloading class 0x00000295981a4400 'java/lang/invoke/LambdaForm$MH+0x00000295981a4400'
Event: 4.892 Thread 0x00000295ff2f08a0 Unloading class 0x00000295981a4000 'java/lang/invoke/LambdaForm$BMH+0x00000295981a4000'
Event: 4.892 Thread 0x00000295ff2f08a0 Unloading class 0x00000295981a3c00 'java/lang/invoke/LambdaForm$DMH+0x00000295981a3c00'
Event: 4.892 Thread 0x00000295ff2f08a0 Unloading class 0x00000295981a2800 'java/lang/invoke/LambdaForm$DMH+0x00000295981a2800'

Classes redefined (0 events):
No events

Internal exceptions (20 events):
Event: 4.093 Thread 0x00000295de8bfff0 Exception <a 'java/lang/NoSuchMethodError'{0x00000000d674bde8}: 'java.lang.Object java.lang.invoke.DirectMethodHandle$Holder.invokeSpecial(java.lang.Object, java.lang.Object, java.lang.Object, java.lang.Object, long)'> (0x00000000d674bde8) 
thrown [s\src\hotspot\share\interpreter\linkResolver.cpp, line 773]
Event: 4.093 Thread 0x00000295de8bfff0 Exception <a 'java/lang/NoSuchMethodError'{0x00000000d674fa08}: 'java.lang.Object java.lang.invoke.Invokers$Holder.linkToTargetMethod(java.lang.Object, java.lang.Object, long, java.lang.Object)'> (0x00000000d674fa08) 
thrown [s\src\hotspot\share\interpreter\linkResolver.cpp, line 773]
Event: 4.100 Thread 0x00000295de8bfff0 Exception <a 'java/lang/NoSuchMethodError'{0x00000000d67b0c60}: 'int java.lang.invoke.DirectMethodHandle$Holder.invokeStaticInit(java.lang.Object, java.lang.Object, java.lang.Object)'> (0x00000000d67b0c60) 
thrown [s\src\hotspot\share\interpreter\linkResolver.cpp, line 773]
Event: 4.108 Thread 0x00000295de8bfff0 Exception <a 'java/lang/IncompatibleClassChangeError'{0x00000000d68768f8}: Found class java.lang.Object, but interface was expected> (0x00000000d68768f8) 
thrown [s\src\hotspot\share\interpreter\linkResolver.cpp, line 840]
Event: 4.316 Thread 0x00000295de8bfff0 Exception <a 'java/lang/NoSuchMethodError'{0x00000000d69f80b8}: 'java.lang.Object java.lang.invoke.DirectMethodHandle$Holder.invokeSpecial(java.lang.Object, java.lang.Object, java.lang.Object, int, java.lang.Object, java.lang.Object)'> (0x00000000d69f80b8) 
thrown [s\src\hotspot\share\interpreter\linkResolver.cpp, line 773]
Event: 4.317 Thread 0x00000295de8bfff0 Exception <a 'java/lang/NoSuchMethodError'{0x00000000d69ff9c0}: 'java.lang.Object java.lang.invoke.DirectMethodHandle$Holder.newInvokeSpecial(java.lang.Object, java.lang.Object, java.lang.Object, int, java.lang.Object)'> (0x00000000d69ff9c0) 
thrown [s\src\hotspot\share\interpreter\linkResolver.cpp, line 773]
Event: 4.317 Thread 0x00000295de8bfff0 Exception <a 'java/lang/NoSuchMethodError'{0x00000000d6a038c0}: 'java.lang.Object java.lang.invoke.DirectMethodHandle$Holder.invokeSpecial(java.lang.Object, java.lang.Object, java.lang.Object, java.lang.Object, int, java.lang.Object)'> (0x00000000d6a038c0) 
thrown [s\src\hotspot\share\interpreter\linkResolver.cpp, line 773]
Event: 4.317 Thread 0x00000295de8bfff0 Exception <a 'java/lang/NoSuchMethodError'{0x00000000d6a073f0}: 'java.lang.Object java.lang.invoke.Invokers$Holder.linkToTargetMethod(java.lang.Object, java.lang.Object, int, java.lang.Object, java.lang.Object)'> (0x00000000d6a073f0) 
thrown [s\src\hotspot\share\interpreter\linkResolver.cpp, line 773]
Event: 4.318 Thread 0x00000295de8bdf20 Exception <a 'java/lang/NoSuchMethodError'{0x00000000d67d9f98}: 'java.lang.Object java.lang.invoke.DirectMethodHandle$Holder.invokeSpecial(java.lang.Object, java.lang.Object, int, java.lang.Object, java.lang.Object)'> (0x00000000d67d9f98) 
thrown [s\src\hotspot\share\interpreter\linkResolver.cpp, line 773]
Event: 4.329 Thread 0x00000295de8bfff0 Exception <a 'java/lang/NoSuchMethodError'{0x00000000d6b0efa8}: 'void java.lang.invoke.DirectMethodHandle$Holder.invokeSpecial(java.lang.Object, java.lang.Object, java.lang.Object, java.lang.Object, java.lang.Object)'> (0x00000000d6b0efa8) 
thrown [s\src\hotspot\share\interpreter\linkResolver.cpp, line 773]
Event: 4.429 Thread 0x00000295de8bfff0 Exception <a 'java/lang/NoSuchMethodError'{0x00000000d5a666b0}: 'java.lang.Object java.lang.invoke.DirectMethodHandle$Holder.invokeInterface(java.lang.Object, java.lang.Object, java.lang.Object)'> (0x00000000d5a666b0) 
thrown [s\src\hotspot\share\interpreter\linkResolver.cpp, line 773]
Event: 4.493 Thread 0x00000295de8bfff0 Exception <a 'java/lang/NoSuchMethodError'{0x00000000d5f800a0}: 'java.lang.Object java.lang.invoke.Invokers$Holder.linkToTargetMethod(java.lang.Object, long, java.lang.Object, java.lang.Object)'> (0x00000000d5f800a0) 
thrown [s\src\hotspot\share\interpreter\linkResolver.cpp, line 773]
Event: 4.578 Thread 0x00000295de8bfff0 Exception <a 'java/io/FileNotFoundException'{0x00000000d673c1d8}> (0x00000000d673c1d8) 
thrown [s\src\hotspot\share\prims\jni.cpp, line 520]
Event: 4.579 Thread 0x00000295de8bfff0 Exception <a 'java/lang/NoSuchMethodError'{0x00000000d6744780}: 'java.lang.Object java.lang.invoke.DirectMethodHandle$Holder.newInvokeSpecial(java.lang.Object, int, java.lang.Object, java.lang.Object)'> (0x00000000d6744780) 
thrown [s\src\hotspot\share\interpreter\linkResolver.cpp, line 773]
Event: 4.784 Thread 0x00000295de8bfff0 Exception <a 'java/lang/NoSuchMethodError'{0x00000000d5afecd8}: 'long java.lang.invoke.Invokers$Holder.invokeExact_MT(java.lang.Object, java.lang.Object)'> (0x00000000d5afecd8) 
thrown [s\src\hotspot\share\interpreter\linkResolver.cpp, line 773]
Event: 5.038 Thread 0x00000295de8bfff0 Exception <a 'java/lang/NoSuchMethodError'{0x00000000d5a1fad8}: 'double java.lang.invoke.DirectMethodHandle$Holder.invokeStatic(java.lang.Object, java.lang.Object)'> (0x00000000d5a1fad8) 
thrown [s\src\hotspot\share\interpreter\linkResolver.cpp, line 773]
Event: 5.040 Thread 0x00000295de8bfff0 Exception <a 'java/lang/NoSuchMethodError'{0x00000000d5a23168}: 'double java.lang.invoke.DirectMethodHandle$Holder.invokeStaticInit(java.lang.Object, java.lang.Object)'> (0x00000000d5a23168) 
thrown [s\src\hotspot\share\interpreter\linkResolver.cpp, line 773]
Event: 5.438 Thread 0x00000295de8bfff0 Implicit null exception at 0x000002958ade1475 to 0x000002958ade1550
Event: 5.524 Thread 0x00000295de8bfff0 Exception <a 'java/io/FileNotFoundException'{0x00000000d65fff60}> (0x00000000d65fff60) 
thrown [s\src\hotspot\share\prims\jni.cpp, line 520]
Event: 5.524 Thread 0x00000295de8bfff0 Exception <a 'java/io/FileNotFoundException'{0x00000000d6600f48}> (0x00000000d6600f48) 
thrown [s\src\hotspot\share\prims\jni.cpp, line 520]

ZGC Phase Switch (0 events):
No events

VM Operations (20 events):
Event: 3.916 Executing non-safepoint VM operation: HandshakeAllThreads (Deoptimize)
Event: 3.916 Executing non-safepoint VM operation: HandshakeAllThreads (Deoptimize) done
Event: 4.009 Executing non-safepoint VM operation: HandshakeAllThreads (Deoptimize)
Event: 4.009 Executing non-safepoint VM operation: HandshakeAllThreads (Deoptimize) done
Event: 4.373 Executing safepoint VM operation: ParallelGCFailedAllocation (Allocation Failure)
Event: 4.378 Executing safepoint VM operation: ParallelGCFailedAllocation (Allocation Failure) done
Event: 4.380 Executing non-safepoint VM operation: HandshakeAllThreads (Deoptimize)
Event: 4.380 Executing non-safepoint VM operation: HandshakeAllThreads (Deoptimize) done
Event: 4.405 Executing non-safepoint VM operation: HandshakeAllThreads (Deoptimize)
Event: 4.405 Executing non-safepoint VM operation: HandshakeAllThreads (Deoptimize) done
Event: 4.409 Executing non-safepoint VM operation: HandshakeAllThreads (Deoptimize)
Event: 4.409 Executing non-safepoint VM operation: HandshakeAllThreads (Deoptimize) done
Event: 4.674 Executing safepoint VM operation: ParallelGCFailedAllocation (Allocation Failure)
Event: 4.679 Executing safepoint VM operation: ParallelGCFailedAllocation (Allocation Failure) done
Event: 4.883 Executing safepoint VM operation: CollectForMetadataAllocation (Metadata GC Threshold)
Event: 4.925 Executing safepoint VM operation: CollectForMetadataAllocation (Metadata GC Threshold) done
Event: 5.274 Executing safepoint VM operation: ParallelGCFailedAllocation (Allocation Failure)
Event: 5.276 Executing safepoint VM operation: ParallelGCFailedAllocation (Allocation Failure) done
Event: 5.462 Executing safepoint VM operation: ParallelGCFailedAllocation (Allocation Failure)
Event: 5.463 Executing safepoint VM operation: ParallelGCFailedAllocation (Allocation Failure) done

Memory protections (0 events):
No events

Nmethod flushes (0 events):
No events

Events (20 events):
Event: 0.034 Thread 0x00000295ff24e1d0 Thread added: 0x00000295d88acd50
Event: 0.034 Thread 0x00000295ff24e1d0 Thread added: 0x00000295d88a2b20
Event: 0.064 Thread 0x00000295d88a2b20 Thread added: 0x00000295d8a71280
Event: 0.073 Thread 0x00000295ff24e1d0 Thread added: 0x00000295ff2fa280
Event: 0.207 Thread 0x00000295ff24e1d0 Thread added: 0x00000295ff2fc9e0
Event: 0.267 Thread 0x00000295d88a2b20 Thread added: 0x00000295de0e1200
Event: 0.810 Thread 0x00000295ff24e1d0 Thread added: 0x00000295ff2fa910
Event: 1.008 Thread 0x00000295ff24e1d0 Thread added: 0x00000295ff2fd070
Event: 1.031 Thread 0x00000295ff2fd070 Thread added: 0x00000295ff2f9bf0
Event: 1.033 Thread 0x00000295ff24e1d0 Thread added: 0x00000295de8bfff0
Event: 1.262 Thread 0x00000295de8bfff0 Thread added: 0x00000295de8bec40
Event: 1.355 Thread 0x00000295de0e1200 Thread exited: 0x00000295de0e1200
Event: 1.477 Thread 0x00000295d8a71280 Thread exited: 0x00000295d8a71280
Event: 3.315 Thread 0x00000295de8bfff0 Thread added: 0x00000295de8c0680
Event: 3.459 Thread 0x00000295d88a2b20 Thread added: 0x00000295df203f80
Event: 3.627 Thread 0x00000295de8bfff0 Thread added: 0x00000295de8bd890
Event: 4.007 Thread 0x00000295df203f80 Thread exited: 0x00000295df203f80
Event: 4.024 Thread 0x00000295de8bfff0 Thread added: 0x00000295de8bd200
Event: 4.095 Thread 0x00000295de8bfff0 Thread added: 0x00000295de8bdf20
Event: 4.318 Thread 0x00000295de8bfff0 Thread added: 0x00000295de8bf2d0


Dynamic libraries:
0x00007ff76a170000 - 0x00007ff76a17e000 	c:\Users\HP\.vscode\extensions\redhat.java-1.55.0-win32-x64\jre\21.0.11-win32-x86_64\bin\java.exe
0x00007ffb26c40000 - 0x00007ffb26ea7000 	C:\WINDOWS\SYSTEM32\ntdll.dll
0x00007ffb256a0000 - 0x00007ffb25769000 	C:\WINDOWS\System32\KERNEL32.DLL
0x00007ffb245e0000 - 0x00007ffb249d1000 	C:\WINDOWS\System32\KERNELBASE.dll
0x00007ffb23520000 - 0x00007ffb2366b000 	C:\WINDOWS\System32\ucrtbase.dll
0x00007ffb1a830000 - 0x00007ffb1a84e000 	c:\Users\HP\.vscode\extensions\redhat.java-1.55.0-win32-x64\jre\21.0.11-win32-x86_64\bin\VCRUNTIME140.dll
0x00007ffb15860000 - 0x00007ffb15878000 	c:\Users\HP\.vscode\extensions\redhat.java-1.55.0-win32-x64\jre\21.0.11-win32-x86_64\bin\jli.dll
0x00007ffb26a30000 - 0x00007ffb26bf5000 	C:\WINDOWS\System32\USER32.dll
0x00007ffb0ea40000 - 0x00007ffb0ecd3000 	C:\WINDOWS\WinSxS\amd64_microsoft.windows.common-controls_6595b64144ccf1df_6.0.26100.8037_none_3e092faae333b53b\COMCTL32.dll
0x00007ffb23890000 - 0x00007ffb238b7000 	C:\WINDOWS\System32\win32u.dll
0x00007ffb26490000 - 0x00007ffb26539000 	C:\WINDOWS\System32\msvcrt.dll
0x00007ffb25770000 - 0x00007ffb2579b000 	C:\WINDOWS\System32\GDI32.dll
0x00007ffb24420000 - 0x00007ffb2454b000 	C:\WINDOWS\System32\gdi32full.dll
0x00007ffb237e0000 - 0x00007ffb23883000 	C:\WINDOWS\System32\msvcp_win.dll
0x00007ffb26720000 - 0x00007ffb26751000 	C:\WINDOWS\System32\IMM32.DLL
0x00007ffb1a650000 - 0x00007ffb1a65c000 	c:\Users\HP\.vscode\extensions\redhat.java-1.55.0-win32-x64\jre\21.0.11-win32-x86_64\bin\vcruntime140_1.dll
0x00007ffb152a0000 - 0x00007ffb1532d000 	c:\Users\HP\.vscode\extensions\redhat.java-1.55.0-win32-x64\jre\21.0.11-win32-x86_64\bin\msvcp140.dll
0x00007ffa85020000 - 0x00007ffa85dc2000 	c:\Users\HP\.vscode\extensions\redhat.java-1.55.0-win32-x64\jre\21.0.11-win32-x86_64\bin\server\jvm.dll
0x00007ffb26970000 - 0x00007ffb26a2b000 	C:\WINDOWS\System32\ADVAPI32.dll
0x00007ffb25f50000 - 0x00007ffb25ff7000 	C:\WINDOWS\System32\sechost.dll
0x00007ffb26770000 - 0x00007ffb26888000 	C:\WINDOWS\System32\RPCRT4.dll
0x00007ffb25ed0000 - 0x00007ffb25f44000 	C:\WINDOWS\System32\WS2_32.dll
0x00007ffb23380000 - 0x00007ffb233de000 	C:\WINDOWS\SYSTEM32\POWRPROF.dll
0x00007ffb1d920000 - 0x00007ffb1d92b000 	C:\WINDOWS\SYSTEM32\VERSION.dll
0x00007ffb1d8e0000 - 0x00007ffb1d915000 	C:\WINDOWS\SYSTEM32\WINMM.dll
0x00007ffb23360000 - 0x00007ffb23374000 	C:\WINDOWS\SYSTEM32\UMPDC.dll
0x00007ffb222b0000 - 0x00007ffb222cb000 	C:\WINDOWS\SYSTEM32\kernel.appcore.dll
0x00007ffb20d40000 - 0x00007ffb20d4a000 	c:\Users\HP\.vscode\extensions\redhat.java-1.55.0-win32-x64\jre\21.0.11-win32-x86_64\bin\jimage.dll
0x00007ffb04cd0000 - 0x00007ffb04f12000 	C:\WINDOWS\SYSTEM32\DBGHELP.DLL
0x00007ffb26000000 - 0x00007ffb26382000 	C:\WINDOWS\System32\combase.dll
0x00007ffb25df0000 - 0x00007ffb25ec7000 	C:\WINDOWS\System32\OLEAUT32.dll
0x00007ffb05cd0000 - 0x00007ffb05d0b000 	C:\WINDOWS\SYSTEM32\dbgcore.DLL
0x00007ffb23730000 - 0x00007ffb237d5000 	C:\WINDOWS\System32\bcryptPrimitives.dll
0x00007ffb20d30000 - 0x00007ffb20d3f000 	c:\Users\HP\.vscode\extensions\redhat.java-1.55.0-win32-x64\jre\21.0.11-win32-x86_64\bin\instrument.dll
0x00007ffb1a680000 - 0x00007ffb1a6a0000 	c:\Users\HP\.vscode\extensions\redhat.java-1.55.0-win32-x64\jre\21.0.11-win32-x86_64\bin\java.dll
0x00007ffb24c40000 - 0x00007ffb2539f000 	C:\WINDOWS\System32\SHELL32.dll
0x00007ffb242b0000 - 0x00007ffb2441a000 	C:\WINDOWS\System32\wintypes.dll
0x00007ffb238c0000 - 0x00007ffb24124000 	C:\WINDOWS\System32\windows.storage.dll
0x00007ffb26390000 - 0x00007ffb26487000 	C:\WINDOWS\System32\SHCORE.dll
0x00007ffb24bc0000 - 0x00007ffb24c27000 	C:\WINDOWS\System32\shlwapi.dll
0x00007ffb23440000 - 0x00007ffb23469000 	C:\WINDOWS\SYSTEM32\profapi.dll
0x00007ffb1a660000 - 0x00007ffb1a678000 	c:\Users\HP\.vscode\extensions\redhat.java-1.55.0-win32-x64\jre\21.0.11-win32-x86_64\bin\zip.dll
0x00007ffb19d40000 - 0x00007ffb19d50000 	C:\Users\HP\.vscode\extensions\redhat.java-1.55.0-win32-x64\jre\21.0.11-win32-x86_64\bin\net.dll
0x00007ffb1ddb0000 - 0x00007ffb1ded7000 	C:\WINDOWS\SYSTEM32\WINHTTP.dll
0x00007ffb22820000 - 0x00007ffb2288b000 	C:\WINDOWS\system32\mswsock.dll
0x00007ffb164a0000 - 0x00007ffb164b6000 	C:\Users\HP\.vscode\extensions\redhat.java-1.55.0-win32-x64\jre\21.0.11-win32-x86_64\bin\nio.dll
0x00007ffb18730000 - 0x00007ffb18740000 	c:\Users\HP\.vscode\extensions\redhat.java-1.55.0-win32-x64\jre\21.0.11-win32-x86_64\bin\verify.dll
0x00007ffb01810000 - 0x00007ffb01855000 	C:\Users\HP\AppData\Roaming\Code\User\globalStorage\redhat.java\1.55.0\config_win\org.eclipse.equinox.launcher\org.eclipse.equinox.launcher.win32.win32.x86_64_1.3.100.v20260613-0559\eclipse_11924.dll
0x00007ffb253b0000 - 0x00007ffb25545000 	C:\WINDOWS\System32\ole32.dll
0x00007ffb22b00000 - 0x00007ffb22b1b000 	C:\WINDOWS\SYSTEM32\CRYPTSP.dll
0x00007ffb22210000 - 0x00007ffb22249000 	C:\WINDOWS\system32\rsaenh.dll
0x00007ffb228d0000 - 0x00007ffb22902000 	C:\WINDOWS\SYSTEM32\USERENV.dll
0x00007ffb23410000 - 0x00007ffb2343a000 	C:\WINDOWS\SYSTEM32\bcrypt.dll
0x00007ffb22b20000 - 0x00007ffb22b2c000 	C:\WINDOWS\SYSTEM32\CRYPTBASE.dll
0x00007ffb21cd0000 - 0x00007ffb21d03000 	C:\WINDOWS\SYSTEM32\IPHLPAPI.DLL
0x00007ffb257d0000 - 0x00007ffb257da000 	C:\WINDOWS\System32\NSI.dll
0x00007ffafeb70000 - 0x00007ffafebb9000 	C:\Users\HP\AppData\Local\Temp\jna-2312\jna13082960022363121968.dll
0x00007ffb25570000 - 0x00007ffb25578000 	C:\WINDOWS\System32\PSAPI.DLL

JVMTI agents:
c:\Users\HP\.vscode\extensions\redhat.java-1.55.0-win32-x64\lombok\lombok-1.18.39-4050.jar path:c:\Users\HP\.vscode\extensions\redhat.java-1.55.0-win32-x64\jre\21.0.11-win32-x86_64\bin\instrument.dll, loaded, initialized, instrumentlib options:none

dbghelp: loaded successfully - version: 4.0.5 - missing functions: none
symbol engine: initialized successfully - sym options: 0x614 - pdb path: .;c:\Users\HP\.vscode\extensions\redhat.java-1.55.0-win32-x64\jre\21.0.11-win32-x86_64\bin;C:\WINDOWS\SYSTEM32;C:\WINDOWS\WinSxS\amd64_microsoft.windows.common-controls_6595b64144ccf1df_6.0.26100.8037_none_3e092faae333b53b;c:\Users\HP\.vscode\extensions\redhat.java-1.55.0-win32-x64\jre\21.0.11-win32-x86_64\bin\server;C:\Users\HP\AppData\Roaming\Code\User\globalStorage\redhat.java\1.55.0\config_win\org.eclipse.equinox.launcher\org.eclipse.equinox.launcher.win32.win32.x86_64_1.3.100.v20260613-0559;C:\Users\HP\AppData\Local\Temp\jna-2312

VM Arguments:
jvm_args: --add-modules=ALL-SYSTEM --add-opens=java.base/java.util=ALL-UNNAMED --add-opens=java.base/java.lang=ALL-UNNAMED --add-opens=java.base/sun.nio.fs=ALL-UNNAMED -Declipse.application=org.eclipse.jdt.ls.core.id1 -Dosgi.bundles.defaultStartLevel=4 -Declipse.product=org.eclipse.jdt.ls.core.product -Djava.import.generatesMetadataFilesAtProjectRoot=false -DDetectVMInstallationsJob.disabled=true -Dfile.encoding=utf8 -XX:+UseParallelGC -XX:GCTimeRatio=4 -XX:AdaptiveSizePolicyWeight=90 -Dsun.zip.disableMemoryMapping=true -Xmx2G -Xms100m -Xlog:disable -javaagent:c:\Users\HP\.vscode\extensions\redhat.java-1.55.0-win32-x64\lombok\lombok-1.18.39-4050.jar -XX:+HeapDumpOnOutOfMemoryError -XX:HeapDumpPath=c:\Users\HP\AppData\Roaming\Code\User\workspaceStorage\3e826355c16ae9985447f765169b4c02\redhat.java -Daether.dependencyCollector.impl=bf 
java_command: c:\Users\HP\.vscode\extensions\redhat.java-1.55.0-win32-x64\server\plugins\org.eclipse.equinox.launcher_1.7.200.v20260619-2039.jar -configuration c:\Users\HP\AppData\Roaming\Code\User\globalStorage\redhat.java\1.55.0\config_win -data c:\Users\HP\AppData\Roaming\Code\User\workspaceStorage\3e826355c16ae9985447f765169b4c02\redhat.java\jdt_ws --pipe=\\.\pipe\lsp-e3ad9aa69bdc9dcf841bb92d0dd1238e-sock
java_class_path (initial): c:\Users\HP\.vscode\extensions\redhat.java-1.55.0-win32-x64\server\plugins\org.eclipse.equinox.launcher_1.7.200.v20260619-2039.jar
Launcher Type: SUN_STANDARD

[Global flags]
    uintx AdaptiveSizePolicyWeight                 = 90                                        {product} {command line}
     intx CICompilerCount                          = 4                                         {product} {ergonomic}
    uintx GCTimeRatio                              = 4                                         {product} {command line}
     bool HeapDumpOnOutOfMemoryError               = true                                   {manageable} {command line}
    ccstr HeapDumpPath                             = c:\Users\HP\AppData\Roaming\Code\User\workspaceStorage\3e826355c16ae9985447f765169b4c02\redhat.java         {manageable} {command line}
   size_t InitialHeapSize                          = 104857600                                 {product} {command line}
   size_t MaxHeapSize                              = 2147483648                                {product} {command line}
   size_t MaxNewSize                               = 715653120                                 {product} {ergonomic}
   size_t MinHeapDeltaBytes                        = 524288                                    {product} {ergonomic}
   size_t MinHeapSize                              = 104857600                                 {product} {command line}
   size_t NewSize                                  = 34603008                                  {product} {ergonomic}
    uintx NonNMethodCodeHeapSize                   = 5839372                                {pd product} {ergonomic}
    uintx NonProfiledCodeHeapSize                  = 122909434                              {pd product} {ergonomic}
   size_t OldSize                                  = 70254592                                  {product} {ergonomic}
    uintx ProfiledCodeHeapSize                     = 122909434                              {pd product} {ergonomic}
    uintx ReservedCodeCacheSize                    = 251658240                              {pd product} {ergonomic}
     bool SegmentedCodeCache                       = true                                      {product} {ergonomic}
   size_t SoftMaxHeapSize                          = 2147483648                             {manageable} {ergonomic}
     bool UseCompressedOops                        = true                           {product lp64_product} {ergonomic}
     bool UseLargePagesIndividualAllocation        = false                                  {pd product} {ergonomic}
     bool UseParallelGC                            = true                                      {product} {command line}

Logging:
Log output configuration:
 #0: stdout all=off uptime,level,tags foldmultilines=false
 #1: stderr all=off uptime,level,tags foldmultilines=false

Release file:
JAVA_VERSION="21.0.11" 
MODULES="java.base java.compiler java.datatransfer java.xml java.prefs java.desktop java.instrument java.logging java.management java.security.sasl java.naming java.rmi java.management.rmi java.net.http java.scripting java.security.jgss java.transaction.xa java.sql java.sql.rowset java.xml.crypto java.se java.smartcardio jdk.accessibility jdk.internal.jvmstat jdk.attach jdk.charsets jdk.internal.opt jdk.zipfs jdk.compiler jdk.crypto.ec jdk.crypto.cryptoki jdk.crypto.mscapi jdk.dynalink jdk.internal.ed jdk.editpad jdk.hotspot.agent jdk.httpserver jdk.internal.le jdk.internal.vm.ci jdk.internal.vm.compiler jdk.internal.vm.compiler.management jdk.jartool jdk.javadoc jdk.jcmd jdk.management jdk.management.agent jdk.jconsole jdk.jdeps jdk.jdwp.agent jdk.jdi jdk.jfr jdk.jshell jdk.jsobject jdk.jstatd jdk.localedata jdk.management.jfr jdk.naming.dns jdk.naming.rmi jdk.net jdk.nio.mapmode jdk.random jdk.sctp jdk.security.auth jdk.security.jgss jdk.unsupported jdk.unsupported.desktop jdk.xml.dom" 

Environment Variables:
JAVA_HOME=C:\Program Files\Java\jdk-17
PATH=C:\app\HP\product\21c\dbhomeXE\bin;C:\Program Files\Microsoft\jdk-25.0.2.10-hotspot\bin;C:\oraclexe\app\oracle\product\10.2.0\server\bin;C:\Oracle\bin;D:\oracle\product\10.2.0\db_5\bin;D:\oracle\product\10.2.0\db_4\bin;D:\oracle\product\10.2.0\db_3\bin;D:\oracle\product\10.2.0\db_2\bin;D:\oracle\product\10.2.0\db_1\bin;C:\Program Files\Common Files\Oracle\Java\javapath;C:\WINDOWS\system32;C:\WINDOWS;C:\WINDOWS\System32\Wbem;C:\WINDOWS\System32\WindowsPowerShell\v1.0\;C:\WINDOWS\System32\OpenSSH\;C:\Program Files (x86)\Microsoft SQL Server\100\Tools\Binn\;C:\Program Files\Microsoft SQL Server\100\Tools\Binn\;C:\Program Files\Microsoft SQL Server\100\DTS\Binn\;C:\Program Files\Git\cmd;C:\Program Files\nodejs\;C:\Users\HP\AppData\Local\Programs\Python\Python313\Scripts\;C:\Users\HP\AppData\Local\Programs\Python\Python313\;C:\Program Files\MySQL\MySQL Shell 8.0\bin\;C:\Users\HP\AppData\Local\Microsoft\WindowsApps;C:\Program Files\JetBrains\PyCharm Community Edition 2022.1.4\bin;C:\Users\HP\AppData\Local\Android\S;C:\Users\HP\AppData\Local\Programs\Python\Python313\Scripts\;C:\Users\HP\AppData\Local\Programs\Python\Python313\;C:\Program Files\MySQL\MySQL Shell 8.0\bin\;C:\Users\HP\AppData\Local\Microsoft\WindowsApps;C:\Program Files\JetBrains\PyCharm Community Edition 2022.1.4\bin;;C:\Users\HP\AppData\Local\Android\Sdk\platform-tools;C:\Users\HP\AppData\Roaming\npm;C:\Users\HP\AppData\Local\Programs\Microsoft VS Code\bin;C:\Users\HP\.bun\bin;C:\Users\HP\AppData\Local\Programs\MiKTeX\miktex\bin\x64\;D:\Antigravity\bin
USERNAME=HP
OS=Windows_NT
PROCESSOR_IDENTIFIER=AMD64 Family 25 Model 80 Stepping 0, AuthenticAMD
TMP=C:\Users\HP\AppData\Local\Temp
TEMP=C:\Users\HP\AppData\Local\Temp




Periodic native trim disabled

---------------  S Y S T E M  ---------------

OS:
 Windows 11 , 64 bit Build 26100 (10.0.26100.7920)
OS uptime: 19 days 5:51 hours
Hyper-V role detected

CPU: total 12 (initial active 12) (12 cores per cpu, 2 threads per core) family 25 model 80 stepping 0 microcode 0xa500014, cx8, cmov, fxsr, ht, mmx, 3dnowpref, sse, sse2, sse3, ssse3, sse4a, sse4.1, sse4.2, popcnt, lzcnt, tsc, tscinvbit, avx, avx2, aes, erms, clmul, bmi1, bmi2, adx, sha, fma, vzeroupper, clflush, clflushopt, hv, rdtscp, rdpid, fsrm, f16c, cet_ss
Processor Information for the first 12 processors :
  Max Mhz: 3301, Current Mhz: 3301, Mhz Limit: 3301

Memory: 4k page, system-wide physical 7518M (386M free)
TotalPageFile size 31070M (AvailPageFile size 9M)
current process WorkingSet (physical memory assigned to process): 157M, peak: 157M
current process commit charge ("private bytes"): 290M, peak: 292M

vm_info: OpenJDK 64-Bit Server VM (21.0.11+10-LTS) for windows-amd64 JRE (21.0.11+10-LTS), built on 2026-04-21T00:00:00Z by "admin" with MS VC++ 17.12 (VS2022)

END.
